
 Start         Length     Name                   Class
 0001:00000000 000B7DB8H .text                   CODE
 0002:00000000 000073ECH .data                   DATA
 0002:000073EC 000026D1H .bss                    BSS


Detailed map of segments

 0001:00000000 00005707 C=CODE     S=.text    G=(none)   M=System   ACBP=A9
 0001:00005708 00000158 C=CODE     S=.text    G=(none)   M=SysInit  ACBP=A9
 0001:00005860 00000078 C=CODE     S=.text    G=(none)   M=Types    ACBP=A9
 0001:000058D8 00000E20 C=CODE     S=.text    G=(none)   M=Windows  ACBP=A9
 0001:000066F8 00000038 C=CODE     S=.text    G=(none)   M=Messages ACBP=A9
 0001:00006730 00000318 C=CODE     S=.text    G=(none)   M=SysConst ACBP=A9
 0001:00006A48 00006B9C C=CODE     S=.text    G=(none)   M=SysUtils ACBP=A9
 0001:0000D5E4 00000807 C=CODE     S=.text    G=(none)   M=VarUtils ACBP=A9
 0001:0000DDEC 00005D5A C=CODE     S=.text    G=(none)   M=Variants ACBP=A9
 0001:00013B48 00000178 C=CODE     S=.text    G=(none)   M=RTLConsts ACBP=A9
 0001:00013CC0 00000858 C=CODE     S=.text    G=(none)   M=TypInfo  ACBP=A9
 0001:00014518 00000338 C=CODE     S=.text    G=(none)   M=ActiveX  ACBP=A9
 0001:00014850 0000A8C2 C=CODE     S=.text    G=(none)   M=Classes  ACBP=A9
 0001:0001F114 00000320 C=CODE     S=.text    G=(none)   M=Consts   ACBP=A9
 0001:0001F434 000098EB C=CODE     S=.text    G=(none)   M=Graphics ACBP=A9
 0001:00028D20 00000048 C=CODE     S=.text    G=(none)   M=Math     ACBP=A9
 0001:00028D68 00000580 C=CODE     S=.text    G=(none)   M=Contnrs  ACBP=A9
 0001:000292E8 00000198 C=CODE     S=.text    G=(none)   M=CommCtrl ACBP=A9
 0001:00029480 00000793 C=CODE     S=.text    G=(none)   M=MultiMon ACBP=A9
 0001:00029C14 00000038 C=CODE     S=.text    G=(none)   M=Imm      ACBP=A9
 0001:00029C4C 00000FF8 C=CODE     S=.text    G=(none)   M=HelpIntfs ACBP=A9
 0001:0002AC44 00000038 C=CODE     S=.text    G=(none)   M=WinSpool ACBP=A9
 0001:0002AC7C 00000044 C=CODE     S=.text    G=(none)   M=Printers ACBP=A9
 0001:0002ACC0 0000031F C=CODE     S=.text    G=(none)   M=FlatSB   ACBP=A9
 0001:0002AFE0 000001A4 C=CODE     S=.text    G=(none)   M=SyncObjs ACBP=A9
 0001:0002B184 000009BB C=CODE     S=.text    G=(none)   M=UxTheme  ACBP=A9
 0001:0002BB40 00000A90 C=CODE     S=.text    G=(none)   M=Themes   ACBP=A9
 0001:0002C5D0 0000519C C=CODE     S=.text    G=(none)   M=StdCtrls ACBP=A9
 0001:0003176C 00000038 C=CODE     S=.text    G=(none)   M=ShellAPI ACBP=A9
 0001:000317A4 00000038 C=CODE     S=.text    G=(none)   M=RegStr   ACBP=A9
 0001:000317DC 00000038 C=CODE     S=.text    G=(none)   M=WinInet  ACBP=A9
 0001:00031814 00000038 C=CODE     S=.text    G=(none)   M=UrlMon   ACBP=A9
 0001:0003184C 00000038 C=CODE     S=.text    G=(none)   M=ShlObj   ACBP=A9
 0001:00031884 00000038 C=CODE     S=.text    G=(none)   M=CommDlg  ACBP=A9
 0001:000318BC 00002406 C=CODE     S=.text    G=(none)   M=ExtCtrls ACBP=A9
 0001:00033CC4 00000038 C=CODE     S=.text    G=(none)   M=Dlgs     ACBP=A9
 0001:00033CFC 0000066D C=CODE     S=.text    G=(none)   M=Dialogs  ACBP=A9
 0001:0003436C 000006DC C=CODE     S=.text    G=(none)   M=Clipbrd  ACBP=A9
 0001:00034A48 00000038 C=CODE     S=.text    G=(none)   M=StrUtils ACBP=A9
 0001:00034A80 00000168 C=CODE     S=.text    G=(none)   M=StdActns ACBP=A9
 0001:00034BE8 00000D1F C=CODE     S=.text    G=(none)   M=WinHelpViewer ACBP=A9
 0001:00035908 00010D6F C=CODE     S=.text    G=(none)   M=Controls ACBP=A9
 0001:00046678 000012D6 C=CODE     S=.text    G=(none)   M=ActnList ACBP=A9
 0001:00047950 0000170C C=CODE     S=.text    G=(none)   M=ImgList  ACBP=A9
 0001:0004905C 00006755 C=CODE     S=.text    G=(none)   M=Menus    ACBP=A9
 0001:0004F7B4 0000C774 C=CODE     S=.text    G=(none)   M=Forms    ACBP=A9
 0001:0005BF28 000000E4 C=CODE     S=.text    G=(none)   M=XPMan    ACBP=A9
 0001:0005C00C 00000038 C=CODE     S=.text    G=(none)   M=RichEdit ACBP=A9
 0001:0005C044 00000038 C=CODE     S=.text    G=(none)   M=ToolWin  ACBP=A9
 0001:0005C07C 00000038 C=CODE     S=.text    G=(none)   M=ComStrs  ACBP=A9
 0001:0005C0B4 000000F5 C=CODE     S=.text    G=(none)   M=Buttons  ACBP=A9
 0001:0005C1AC 00000038 C=CODE     S=.text    G=(none)   M=ExtDlgs  ACBP=A9
 0001:0005C1E4 00000068 C=CODE     S=.text    G=(none)   M=IniFiles ACBP=A9
 0001:0005C24C 000006DC C=CODE     S=.text    G=(none)   M=Registry ACBP=A9
 0001:0005C928 0000006C C=CODE     S=.text    G=(none)   M=Mapi     ACBP=A9
 0001:0005C994 00000058 C=CODE     S=.text    G=(none)   M=ExtActns ACBP=A9
 0001:0005C9EC 00000038 C=CODE     S=.text    G=(none)   M=ListActns ACBP=A9
 0001:0005CA24 00002870 C=CODE     S=.text    G=(none)   M=ComCtrls ACBP=A9
 0001:0005F294 000037E8 C=CODE     S=.text    G=(none)   M=ZLibEx   ACBP=A9
 0001:00062A7C 00001868 C=CODE     S=.text    G=(none)   M=Lh5Unit  ACBP=A9
 0001:000642E4 00000508 C=CODE     S=.text    G=(none)   M=StreamManager ACBP=A9
 0001:000647EC 000000D8 C=CODE     S=.text    G=(none)   M=WinSock  ACBP=A9
 0001:000648C4 00000038 C=CODE     S=.text    G=(none)   M=SocketCompPersonalizado ACBP=A9
 0001:000648FC 000001A0 C=CODE     S=.text    G=(none)   M=IdException ACBP=A9
 0001:00064A9C 00000218 C=CODE     S=.text    G=(none)   M=IdResourceStrings ACBP=A9
 0001:00064CB4 00001188 C=CODE     S=.text    G=(none)   M=IdWinSock2 ACBP=A9
 0001:00065E3C 00000038 C=CODE     S=.text    G=(none)   M=IdStackConsts ACBP=A9
 0001:00065E74 00000BEC C=CODE     S=.text    G=(none)   M=IdStack  ACBP=A9
 0001:00066A60 00001130 C=CODE     S=.text    G=(none)   M=IdStackWindows ACBP=A9
 0001:00067B90 00000038 C=CODE     S=.text    G=(none)   M=IdURI    ACBP=A9
 0001:00067BC8 00000770 C=CODE     S=.text    G=(none)   M=IdGlobal ACBP=A9
 0001:00068338 000000FC C=CODE     S=.text    G=(none)   M=IdBaseComponent ACBP=A9
 0001:00068434 000002EC C=CODE     S=.text    G=(none)   M=IdAntiFreezeBase ACBP=A9
 0001:00068720 00000449 C=CODE     S=.text    G=(none)   M=IdComponent ACBP=A9
 0001:00068B6C 00000038 C=CODE     S=.text    G=(none)   M=IdSocketHandle ACBP=A9
 0001:00068BA4 00000038 C=CODE     S=.text    G=(none)   M=IdIntercept ACBP=A9
 0001:00068BDC 00000038 C=CODE     S=.text    G=(none)   M=IdIOHandler ACBP=A9
 0001:00068C14 00000038 C=CODE     S=.text    G=(none)   M=IdRFCReply ACBP=A9
 0001:00068C4C 00000038 C=CODE     S=.text    G=(none)   M=IdAssignedNumbers ACBP=A9
 0001:00068C84 00000038 C=CODE     S=.text    G=(none)   M=IdSocks  ACBP=A9
 0001:00068CBC 000000DC C=CODE     S=.text    G=(none)   M=IdTCPStream ACBP=A9
 0001:00068D98 000002F4 C=CODE     S=.text    G=(none)   M=IdStream ACBP=A9
 0001:0006908C 00000038 C=CODE     S=.text    G=(none)   M=IdIOHandlerSocket ACBP=A9
 0001:000690C4 000006C4 C=CODE     S=.text    G=(none)   M=IdTCPConnection ACBP=A9
 0001:00069788 00000038 C=CODE     S=.text    G=(none)   M=IdTCPClient ACBP=A9
 0001:000697C0 00000050 C=CODE     S=.text    G=(none)   M=JConsts  ACBP=A9
 0001:00069810 000133F0 C=CODE     S=.text    G=(none)   M=jpeg     ACBP=A9
 0001:0007CC00 00000038 C=CODE     S=.text    G=(none)   M=ZLibConst ACBP=A9
 0001:0007CC38 00000038 C=CODE     S=.text    G=(none)   M=ZLib     ACBP=A9
 0001:0007CC70 00000038 C=CODE     S=.text    G=(none)   M=IdAntiFreeze ACBP=A9
 0001:0007CCA8 000009F0 C=CODE     S=.text    G=(none)   M=IdHeaderList ACBP=A9
 0001:0007D698 00000260 C=CODE     S=.text    G=(none)   M=IdCoder  ACBP=A9
 0001:0007D8F8 00000694 C=CODE     S=.text    G=(none)   M=IdCoder3to4 ACBP=A9
 0001:0007DF8C 000002BB C=CODE     S=.text    G=(none)   M=IdCoderMIME ACBP=A9
 0001:0007E248 00000884 C=CODE     S=.text    G=(none)   M=IdAuthentication ACBP=A9
 0001:0007EACC 00000038 C=CODE     S=.text    G=(none)   M=IdHTTPHeaderInfo ACBP=A9
 0001:0007EB04 00000094 C=CODE     S=.text    G=(none)   M=IdSSLOpenSSLHeaders ACBP=A9
 0001:0007EB98 00000084 C=CODE     S=.text    G=(none)   M=IdThread ACBP=A9
 0001:0007EC1C 00000038 C=CODE     S=.text    G=(none)   M=IdThreadMgrDefault ACBP=A9
 0001:0007EC54 00000038 C=CODE     S=.text    G=(none)   M=IdServerIOHandler ACBP=A9
 0001:0007EC8C 00000038 C=CODE     S=.text    G=(none)   M=IdServerIOHandlerSocket ACBP=A9
 0001:0007ECC4 00000038 C=CODE     S=.text    G=(none)   M=IdStrings ACBP=A9
 0001:0007ECFC 00000038 C=CODE     S=.text    G=(none)   M=IdThreadSafe ACBP=A9
 0001:0007ED34 00000038 C=CODE     S=.text    G=(none)   M=IdThreadMgr ACBP=A9
 0001:0007ED6C 00000038 C=CODE     S=.text    G=(none)   M=IdTCPServer ACBP=A9
 0001:0007EDA4 000000E0 C=CODE     S=.text    G=(none)   M=IdSSLOpenSSL ACBP=A9
 0001:0007EE84 00000148 C=CODE     S=.text    G=(none)   M=IdCookie ACBP=A9
 0001:0007EFCC 00000038 C=CODE     S=.text    G=(none)   M=IdCookieManager ACBP=A9
 0001:0007F004 00000038 C=CODE     S=.text    G=(none)   M=IdAuthenticationManager ACBP=A9
 0001:0007F03C 00000038 C=CODE     S=.text    G=(none)   M=IdMultipartFormData ACBP=A9
 0001:0007F074 000000F4 C=CODE     S=.text    G=(none)   M=IdHTTP   ACBP=A9
 0001:0007F168 000000C8 C=CODE     S=.text    G=(none)   M=DDEml    ACBP=A9
 0001:0007F230 00002F07 C=CODE     S=.text    G=(none)   M=DdeMan   ACBP=A9
 0001:00082138 00000060 C=CODE     S=.text    G=(none)   M=ComConst ACBP=A9
 0001:00082198 000012B5 C=CODE     S=.text    G=(none)   M=ComObj   ACBP=A9
 0001:00083450 00000038 C=CODE     S=.text    G=(none)   M=StdVCL   ACBP=A9
 0001:00083488 00001793 C=CODE     S=.text    G=(none)   M=AxCtrls  ACBP=A9
 0001:00084C1C 00000060 C=CODE     S=.text    G=(none)   M=OleConst ACBP=A9
 0001:00084C7C 000034C1 C=CODE     S=.text    G=(none)   M=OleCtrls ACBP=A9
 0001:00088140 00000932 C=CODE     S=.text    G=(none)   M=OleServer ACBP=A9
 0001:00088A74 00000494 C=CODE     S=.text    G=(none)   M=SHDocVw  ACBP=A9
 0001:00088F08 00000038 C=CODE     S=.text    G=(none)   M=MaskUtils ACBP=A9
 0001:00088F40 00000038 C=CODE     S=.text    G=(none)   M=Mask     ACBP=A9
 0001:00088F78 00001F88 C=CODE     S=.text    G=(none)   M=ScktComp ACBP=A9
 0001:0008AF00 0000071C C=CODE     S=.text    G=(none)   M=sndkey32 ACBP=A9
 0001:0008B61C 00000470 C=CODE     S=.text    G=(none)   M=SendKeys ACBP=A9
 0001:0008BA8C 00000344 C=CODE     S=.text    G=(none)   M=uCrypt   ACBP=A9
 0001:0008BDD0 000003F0 C=CODE     S=.text    G=(none)   M=uHBrowsers ACBP=A9
 0001:0008C1C0 00000038 C=CODE     S=.text    G=(none)   M=TlHelp32 ACBP=A9
 0001:0008C1F8 00000038 C=CODE     S=.text    G=(none)   M=Masks    ACBP=A9
 0001:0008C230 00000038 C=CODE     S=.text    G=(none)   M=WebConst ACBP=A9
 0001:0008C268 00000038 C=CODE     S=.text    G=(none)   M=BrkrConst ACBP=A9
 0001:0008C2A0 00000150 C=CODE     S=.text    G=(none)   M=HTTPApp  ACBP=A9
 0001:0008C3F0 0000011C C=CODE     S=.text    G=(none)   M=IdEMailAddress ACBP=A9
 0001:0008C50C 0000075C C=CODE     S=.text    G=(none)   M=IdCoderHeader ACBP=A9
 0001:0008CC68 000006CC C=CODE     S=.text    G=(none)   M=IdMessageCoder ACBP=A9
 0001:0008D334 0000049C C=CODE     S=.text    G=(none)   M=IdCoderQuotedPrintable ACBP=A9
 0001:0008D7D0 00001330 C=CODE     S=.text    G=(none)   M=IdMessageCoderMIME ACBP=A9
 0001:0008EB00 00000038 C=CODE     S=.text    G=(none)   M=IdIOHandlerStream ACBP=A9
 0001:0008EB38 000006BB C=CODE     S=.text    G=(none)   M=IdCoderUUE ACBP=A9
 0001:0008F1F4 000002BF C=CODE     S=.text    G=(none)   M=IdCoderXXE ACBP=A9
 0001:0008F4B4 000008C0 C=CODE     S=.text    G=(none)   M=IdMessageCoderUUE ACBP=A9
 0001:0008FD74 00000230 C=CODE     S=.text    G=(none)   M=IdMessageCoderXXE ACBP=A9
 0001:0008FFA4 00000038 C=CODE     S=.text    G=(none)   M=IdMessageClient ACBP=A9
 0001:0008FFDC 00000A18 C=CODE     S=.text    G=(none)   M=IdMessage ACBP=A9
 0001:000909F4 00000038 C=CODE     S=.text    G=(none)   M=ShFolder ACBP=A9
 0001:00090A2C 00000038 C=CODE     S=.text    G=(none)   M=IdSMTP   ACBP=A9
 0001:00090A64 00001247 C=CODE     S=.text    G=(none)   M=AppEvnts ACBP=A9
 0001:00091CAC 00000038 C=CODE     S=.text    G=(none)   M=AccCtrl  ACBP=A9
 0001:00091CE4 00000038 C=CODE     S=.text    G=(none)   M=AclAPI   ACBP=A9
 0001:00091D1C 000000C8 C=CODE     S=.text    G=(none)   M=funcs2013 ACBP=A9
 0001:00091DE4 00000098 C=CODE     S=.text    G=(none)   M=uPCFuncs ACBP=A9
 0001:00091E7C 000002EC C=CODE     S=.text    G=(none)   M=uSOBRE   ACBP=A9
 0001:00092168 00000038 C=CODE     S=.text    G=(none)   M=uScreenFuncs ACBP=A9
 0001:000921A0 000055D0 C=CODE     S=.text    G=(none)   M=pngzlib  ACBP=A9
 0001:00097770 000000C8 C=CODE     S=.text    G=(none)   M=pnglang  ACBP=A9
 0001:00097838 00006B2C C=CODE     S=.text    G=(none)   M=pngimage ACBP=A9
 0001:0009E364 00000040 C=CODE     S=.text    G=(none)   M=MMSystem ACBP=A9
 0001:0009E3A4 0000F29C C=CODE     S=.text    G=(none)   M=GIFImage ACBP=A9
 0001:000AD640 00000748 C=CODE     S=.text    G=(none)   M=uVerMPF  ACBP=A9
 0001:000ADD88 00000AE4 C=CODE     S=.text    G=(none)   M=uPITA    ACBP=A9
 0001:000AE86C 00000A28 C=CODE     S=.text    G=(none)   M=uPITAJ   ACBP=A9
 0001:000AF294 0000161C C=CODE     S=.text    G=(none)   M=uPBF     ACBP=A9
 0001:000B08B0 00000D20 C=CODE     S=.text    G=(none)   M=uAzul    ACBP=A9
 0001:000B15D0 00000A94 C=CODE     S=.text    G=(none)   M=uBrB     ACBP=A9
 0001:000B2064 00000828 C=CODE     S=.text    G=(none)   M=uPSNT    ACBP=A9
 0001:000B288C 0000094C C=CODE     S=.text    G=(none)   M=uPSNTJ   ACBP=A9
 0001:000B31D8 00004554 C=CODE     S=.text    G=(none)   M=Conectar ACBP=A9
 0001:000B772C 0000068C C=CODE     S=.text    G=(none)   M=pClient  ACBP=A9
 0002:00000000 000000A8 C=DATA     S=.data    G=DGROUP   M=System   ACBP=A9
 0002:000000A8 00000020 C=DATA     S=.data    G=DGROUP   M=SysInit  ACBP=A9
 0002:000000C8 00000254 C=DATA     S=.data    G=DGROUP   M=SysUtils ACBP=A9
 0002:0000031C 00000008 C=DATA     S=.data    G=DGROUP   M=VarUtils ACBP=A9
 0002:00000324 00000092 C=DATA     S=.data    G=DGROUP   M=Variants ACBP=A9
 0002:000003B8 0000000C C=DATA     S=.data    G=DGROUP   M=TypInfo  ACBP=A9
 0002:000003C4 00000010 C=DATA     S=.data    G=DGROUP   M=ActiveX  ACBP=A9
 0002:000003D4 00000080 C=DATA     S=.data    G=DGROUP   M=Classes  ACBP=A9
 0002:00000454 0000030C C=DATA     S=.data    G=DGROUP   M=Graphics ACBP=A9
 0002:00000760 00000004 C=DATA     S=.data    G=DGROUP   M=Printers ACBP=A9
 0002:00000764 00000068 C=DATA     S=.data    G=DGROUP   M=Themes   ACBP=A9
 0002:000007CC 00000090 C=DATA     S=.data    G=DGROUP   M=StdCtrls ACBP=A9
 0002:0000085C 0000018C C=DATA     S=.data    G=DGROUP   M=ExtCtrls ACBP=A9
 0002:000009E8 00000074 C=DATA     S=.data    G=DGROUP   M=Dialogs  ACBP=A9
 0002:00000A5C 0000013C C=DATA     S=.data    G=DGROUP   M=Controls ACBP=A9
 0002:00000B98 00000020 C=DATA     S=.data    G=DGROUP   M=ImgList  ACBP=A9
 0002:00000BB8 000000EC C=DATA     S=.data    G=DGROUP   M=Menus    ACBP=A9
 0002:00000CA4 0000011C C=DATA     S=.data    G=DGROUP   M=Forms    ACBP=A9
 0002:00000DC0 0000002C C=DATA     S=.data    G=DGROUP   M=Buttons  ACBP=A9
 0002:00000DEC 00000008 C=DATA     S=.data    G=DGROUP   M=IniFiles ACBP=A9
 0002:00000DF4 00000008 C=DATA     S=.data    G=DGROUP   M=Registry ACBP=A9
 0002:00000DFC 00000008 C=DATA     S=.data    G=DGROUP   M=Mapi     ACBP=A9
 0002:00000E04 00000028 C=DATA     S=.data    G=DGROUP   M=ComCtrls ACBP=A9
 0002:00000E2C 00000B54 C=DATA     S=.data    G=DGROUP   M=ZLibEx   ACBP=A9
 0002:00001980 00000544 C=DATA     S=.data    G=DGROUP   M=IdWinSock2 ACBP=A9
 0002:00001EC4 0000000C C=DATA     S=.data    G=DGROUP   M=IdStack  ACBP=A9
 0002:00001ED0 00000001 C=DATA     S=.data    G=DGROUP   M=IdStackWindows ACBP=A9
 0002:00001ED4 0000009C C=DATA     S=.data    G=DGROUP   M=IdGlobal ACBP=A9
 0002:00001F70 00000004 C=DATA     S=.data    G=DGROUP   M=IdAntiFreezeBase ACBP=A9
 0002:00001F74 00000028 C=DATA     S=.data    G=DGROUP   M=IdComponent ACBP=A9
 0002:00001F9C 00000908 C=DATA     S=.data    G=DGROUP   M=jpeg     ACBP=A9
 0002:000028A4 00000004 C=DATA     S=.data    G=DGROUP   M=IdCoderMIME ACBP=A9
 0002:000028A8 00000004 C=DATA     S=.data    G=DGROUP   M=IdAuthentication ACBP=A9
 0002:000028AC 0000000C C=DATA     S=.data    G=DGROUP   M=IdSSLOpenSSLHeaders ACBP=A9
 0002:000028B8 0000004C C=DATA     S=.data    G=DGROUP   M=IdCookie ACBP=A9
 0002:00002904 00000028 C=DATA     S=.data    G=DGROUP   M=IdHTTP   ACBP=A9
 0002:0000292C 00000030 C=DATA     S=.data    G=DGROUP   M=ComObj   ACBP=A9
 0002:0000295C 0000002C C=DATA     S=.data    G=DGROUP   M=OleCtrls ACBP=A9
 0002:00002988 0000003C C=DATA     S=.data    G=DGROUP   M=SHDocVw  ACBP=A9
 0002:000029C4 0000294C C=DATA     S=.data    G=DGROUP   M=sndkey32 ACBP=A9
 0002:00005310 0000004C C=DATA     S=.data    G=DGROUP   M=HTTPApp  ACBP=A9
 0002:0000535C 0000000C C=DATA     S=.data    G=DGROUP   M=IdEMailAddress ACBP=A9
 0002:00005368 00000040 C=DATA     S=.data    G=DGROUP   M=IdCoderHeader ACBP=A9
 0002:000053A8 00000008 C=DATA     S=.data    G=DGROUP   M=IdMessageCoder ACBP=A9
 0002:000053B0 00000004 C=DATA     S=.data    G=DGROUP   M=IdCoderUUE ACBP=A9
 0002:000053B4 00000004 C=DATA     S=.data    G=DGROUP   M=IdCoderXXE ACBP=A9
 0002:000053B8 00000018 C=DATA     S=.data    G=DGROUP   M=IdMessage ACBP=A9
 0002:000053D0 00000004 C=DATA     S=.data    G=DGROUP   M=AppEvnts ACBP=A9
 0002:000053D4 000016DC C=DATA     S=.data    G=DGROUP   M=pngzlib  ACBP=A9
 0002:00006AB0 00000168 C=DATA     S=.data    G=DGROUP   M=pngimage ACBP=A9
 0002:00006C18 00000103 C=DATA     S=.data    G=DGROUP   M=GIFImage ACBP=A9
 0002:00006D1C 00000014 C=DATA     S=.data    G=DGROUP   M=Conectar ACBP=A9
 0002:00008000 00000664 C=BSS      S=.bss     G=DGROUP   M=System   ACBP=A9
 0002:00008664 00000010 C=BSS      S=.bss     G=DGROUP   M=SysInit  ACBP=A9
 0002:00008674 00000004 C=BSS      S=.bss     G=DGROUP   M=Types    ACBP=A9
 0002:00008678 00000004 C=BSS      S=.bss     G=DGROUP   M=Windows  ACBP=A9
 0002:0000867C 00000004 C=BSS      S=.bss     G=DGROUP   M=Messages ACBP=A9
 0002:00008680 00000004 C=BSS      S=.bss     G=DGROUP   M=SysConst ACBP=A9
 0002:00008684 00000120 C=BSS      S=.bss     G=DGROUP   M=SysUtils ACBP=A9
 0002:000087A4 0000005C C=BSS      S=.bss     G=DGROUP   M=VarUtils ACBP=A9
 0002:00008800 00000040 C=BSS      S=.bss     G=DGROUP   M=Variants ACBP=A9
 0002:00008840 00000004 C=BSS      S=.bss     G=DGROUP   M=RTLConsts ACBP=A9
 0002:00008844 00000004 C=BSS      S=.bss     G=DGROUP   M=TypInfo  ACBP=A9
 0002:00008848 00000004 C=BSS      S=.bss     G=DGROUP   M=ActiveX  ACBP=A9
 0002:0000884C 00000044 C=BSS      S=.bss     G=DGROUP   M=Classes  ACBP=A9
 0002:00008890 00000004 C=BSS      S=.bss     G=DGROUP   M=Consts   ACBP=A9
 0002:00008894 00000060 C=BSS      S=.bss     G=DGROUP   M=Graphics ACBP=A9
 0002:000088F4 00000004 C=BSS      S=.bss     G=DGROUP   M=Math     ACBP=A9
 0002:000088F8 00000004 C=BSS      S=.bss     G=DGROUP   M=Contnrs  ACBP=A9
 0002:000088FC 0000000C C=BSS      S=.bss     G=DGROUP   M=CommCtrl ACBP=A9
 0002:00008908 00000031 C=BSS      S=.bss     G=DGROUP   M=MultiMon ACBP=A9
 0002:0000893C 00000004 C=BSS      S=.bss     G=DGROUP   M=Imm      ACBP=A9
 0002:00008940 00000008 C=BSS      S=.bss     G=DGROUP   M=HelpIntfs ACBP=A9
 0002:00008948 00000004 C=BSS      S=.bss     G=DGROUP   M=WinSpool ACBP=A9
 0002:0000894C 00000004 C=BSS      S=.bss     G=DGROUP   M=Printers ACBP=A9
 0002:00008950 00000034 C=BSS      S=.bss     G=DGROUP   M=FlatSB   ACBP=A9
 0002:00008984 00000004 C=BSS      S=.bss     G=DGROUP   M=SyncObjs ACBP=A9
 0002:00008988 000000CC C=BSS      S=.bss     G=DGROUP   M=UxTheme  ACBP=A9
 0002:00008A54 00000008 C=BSS      S=.bss     G=DGROUP   M=Themes   ACBP=A9
 0002:00008A5C 00000004 C=BSS      S=.bss     G=DGROUP   M=StdCtrls ACBP=A9
 0002:00008A60 00000004 C=BSS      S=.bss     G=DGROUP   M=ShellAPI ACBP=A9
 0002:00008A64 00000004 C=BSS      S=.bss     G=DGROUP   M=RegStr   ACBP=A9
 0002:00008A68 00000004 C=BSS      S=.bss     G=DGROUP   M=WinInet  ACBP=A9
 0002:00008A6C 00000004 C=BSS      S=.bss     G=DGROUP   M=UrlMon   ACBP=A9
 0002:00008A70 00000004 C=BSS      S=.bss     G=DGROUP   M=ShlObj   ACBP=A9
 0002:00008A74 00000004 C=BSS      S=.bss     G=DGROUP   M=CommDlg  ACBP=A9
 0002:00008A78 00000004 C=BSS      S=.bss     G=DGROUP   M=ExtCtrls ACBP=A9
 0002:00008A7C 00000004 C=BSS      S=.bss     G=DGROUP   M=Dlgs     ACBP=A9
 0002:00008A80 0000000C C=BSS      S=.bss     G=DGROUP   M=Dialogs  ACBP=A9
 0002:00008A8C 0000000C C=BSS      S=.bss     G=DGROUP   M=Clipbrd  ACBP=A9
 0002:00008A98 00000004 C=BSS      S=.bss     G=DGROUP   M=StrUtils ACBP=A9
 0002:00008A9C 00000004 C=BSS      S=.bss     G=DGROUP   M=StdActns ACBP=A9
 0002:00008AA0 00000014 C=BSS      S=.bss     G=DGROUP   M=WinHelpViewer ACBP=A9
 0002:00008AB4 00000080 C=BSS      S=.bss     G=DGROUP   M=Controls ACBP=A9
 0002:00008B34 00000004 C=BSS      S=.bss     G=DGROUP   M=ActnList ACBP=A9
 0002:00008B38 0000000C C=BSS      S=.bss     G=DGROUP   M=ImgList  ACBP=A9
 0002:00008B44 00000010 C=BSS      S=.bss     G=DGROUP   M=Menus    ACBP=A9
 0002:00008B54 00000020 C=BSS      S=.bss     G=DGROUP   M=Forms    ACBP=A9
 0002:00008B74 00000004 C=BSS      S=.bss     G=DGROUP   M=XPMan    ACBP=A9
 0002:00008B78 00000004 C=BSS      S=.bss     G=DGROUP   M=RichEdit ACBP=A9
 0002:00008B7C 00000004 C=BSS      S=.bss     G=DGROUP   M=ToolWin  ACBP=A9
 0002:00008B80 00000004 C=BSS      S=.bss     G=DGROUP   M=ComStrs  ACBP=A9
 0002:00008B84 00000030 C=BSS      S=.bss     G=DGROUP   M=Buttons  ACBP=A9
 0002:00008BB4 00000004 C=BSS      S=.bss     G=DGROUP   M=ExtDlgs  ACBP=A9
 0002:00008BB8 00000004 C=BSS      S=.bss     G=DGROUP   M=IniFiles ACBP=A9
 0002:00008BBC 00000004 C=BSS      S=.bss     G=DGROUP   M=Registry ACBP=A9
 0002:00008BC0 00000004 C=BSS      S=.bss     G=DGROUP   M=Mapi     ACBP=A9
 0002:00008BC4 00000009 C=BSS      S=.bss     G=DGROUP   M=ExtActns ACBP=A9
 0002:00008BD0 00000004 C=BSS      S=.bss     G=DGROUP   M=ListActns ACBP=A9
 0002:00008BD4 0000000C C=BSS      S=.bss     G=DGROUP   M=ComCtrls ACBP=A9
 0002:00008BE0 00000004 C=BSS      S=.bss     G=DGROUP   M=ZLibEx   ACBP=A9
 0002:00008BE4 00000F5A C=BSS      S=.bss     G=DGROUP   M=Lh5Unit  ACBP=A9
 0002:00009B40 00000004 C=BSS      S=.bss     G=DGROUP   M=StreamManager ACBP=A9
 0002:00009B44 00000004 C=BSS      S=.bss     G=DGROUP   M=WinSock  ACBP=A9
 0002:00009B48 00000004 C=BSS      S=.bss     G=DGROUP   M=SocketCompPersonalizado ACBP=A9
 0002:00009B4C 00000004 C=BSS      S=.bss     G=DGROUP   M=IdException ACBP=A9
 0002:00009B50 00000004 C=BSS      S=.bss     G=DGROUP   M=IdResourceStrings ACBP=A9
 0002:00009B54 000001E8 C=BSS      S=.bss     G=DGROUP   M=IdWinSock2 ACBP=A9
 0002:00009D3C 00000004 C=BSS      S=.bss     G=DGROUP   M=IdStackConsts ACBP=A9
 0002:00009D40 00000008 C=BSS      S=.bss     G=DGROUP   M=IdStack  ACBP=A9
 0002:00009D48 00000004 C=BSS      S=.bss     G=DGROUP   M=IdStackWindows ACBP=A9
 0002:00009D4C 00000004 C=BSS      S=.bss     G=DGROUP   M=IdURI    ACBP=A9
 0002:00009D50 00000014 C=BSS      S=.bss     G=DGROUP   M=IdGlobal ACBP=A9
 0002:00009D64 00000004 C=BSS      S=.bss     G=DGROUP   M=IdBaseComponent ACBP=A9
 0002:00009D68 00000004 C=BSS      S=.bss     G=DGROUP   M=IdAntiFreezeBase ACBP=A9
 0002:00009D6C 00000008 C=BSS      S=.bss     G=DGROUP   M=IdComponent ACBP=A9
 0002:00009D74 00000004 C=BSS      S=.bss     G=DGROUP   M=IdSocketHandle ACBP=A9
 0002:00009D78 00000004 C=BSS      S=.bss     G=DGROUP   M=IdIntercept ACBP=A9
 0002:00009D7C 00000004 C=BSS      S=.bss     G=DGROUP   M=IdIOHandler ACBP=A9
 0002:00009D80 00000004 C=BSS      S=.bss     G=DGROUP   M=IdRFCReply ACBP=A9
 0002:00009D84 00000004 C=BSS      S=.bss     G=DGROUP   M=IdAssignedNumbers ACBP=A9
 0002:00009D88 00000004 C=BSS      S=.bss     G=DGROUP   M=IdSocks  ACBP=A9
 0002:00009D8C 00000004 C=BSS      S=.bss     G=DGROUP   M=IdTCPStream ACBP=A9
 0002:00009D90 00000004 C=BSS      S=.bss     G=DGROUP   M=IdStream ACBP=A9
 0002:00009D94 00000004 C=BSS      S=.bss     G=DGROUP   M=IdIOHandlerSocket ACBP=A9
 0002:00009D98 00000004 C=BSS      S=.bss     G=DGROUP   M=IdTCPConnection ACBP=A9
 0002:00009D9C 00000004 C=BSS      S=.bss     G=DGROUP   M=IdTCPClient ACBP=A9
 0002:00009DA0 00000004 C=BSS      S=.bss     G=DGROUP   M=JConsts  ACBP=A9
 0002:00009DA4 00000004 C=BSS      S=.bss     G=DGROUP   M=jpeg     ACBP=A9
 0002:00009DA8 00000004 C=BSS      S=.bss     G=DGROUP   M=ZLibConst ACBP=A9
 0002:00009DAC 00000004 C=BSS      S=.bss     G=DGROUP   M=ZLib     ACBP=A9
 0002:00009DB0 00000004 C=BSS      S=.bss     G=DGROUP   M=IdAntiFreeze ACBP=A9
 0002:00009DB4 00000004 C=BSS      S=.bss     G=DGROUP   M=IdHeaderList ACBP=A9
 0002:00009DB8 00000004 C=BSS      S=.bss     G=DGROUP   M=IdCoder  ACBP=A9
 0002:00009DBC 00000004 C=BSS      S=.bss     G=DGROUP   M=IdCoder3to4 ACBP=A9
 0002:00009DC0 00000084 C=BSS      S=.bss     G=DGROUP   M=IdCoderMIME ACBP=A9
 0002:00009E44 00000004 C=BSS      S=.bss     G=DGROUP   M=IdAuthentication ACBP=A9
 0002:00009E48 00000004 C=BSS      S=.bss     G=DGROUP   M=IdHTTPHeaderInfo ACBP=A9
 0002:00009E4C 00000004 C=BSS      S=.bss     G=DGROUP   M=IdSSLOpenSSLHeaders ACBP=A9
 0002:00009E50 0000000C C=BSS      S=.bss     G=DGROUP   M=IdThread ACBP=A9
 0002:00009E5C 00000004 C=BSS      S=.bss     G=DGROUP   M=IdThreadMgrDefault ACBP=A9
 0002:00009E60 00000004 C=BSS      S=.bss     G=DGROUP   M=IdServerIOHandler ACBP=A9
 0002:00009E64 00000004 C=BSS      S=.bss     G=DGROUP   M=IdServerIOHandlerSocket ACBP=A9
 0002:00009E68 00000004 C=BSS      S=.bss     G=DGROUP   M=IdStrings ACBP=A9
 0002:00009E6C 00000004 C=BSS      S=.bss     G=DGROUP   M=IdThreadSafe ACBP=A9
 0002:00009E70 00000004 C=BSS      S=.bss     G=DGROUP   M=IdThreadMgr ACBP=A9
 0002:00009E74 00000004 C=BSS      S=.bss     G=DGROUP   M=IdTCPServer ACBP=A9
 0002:00009E78 00000014 C=BSS      S=.bss     G=DGROUP   M=IdSSLOpenSSL ACBP=A9
 0002:00009E8C 00000004 C=BSS      S=.bss     G=DGROUP   M=IdCookie ACBP=A9
 0002:00009E90 00000004 C=BSS      S=.bss     G=DGROUP   M=IdCookieManager ACBP=A9
 0002:00009E94 00000004 C=BSS      S=.bss     G=DGROUP   M=IdAuthenticationManager ACBP=A9
 0002:00009E98 00000004 C=BSS      S=.bss     G=DGROUP   M=IdMultipartFormData ACBP=A9
 0002:00009E9C 00000004 C=BSS      S=.bss     G=DGROUP   M=IdHTTP   ACBP=A9
 0002:00009EA0 00000004 C=BSS      S=.bss     G=DGROUP   M=DDEml    ACBP=A9
 0002:00009EA4 00000008 C=BSS      S=.bss     G=DGROUP   M=DdeMan   ACBP=A9
 0002:00009EAC 00000004 C=BSS      S=.bss     G=DGROUP   M=ComConst ACBP=A9
 0002:00009EB0 00000011 C=BSS      S=.bss     G=DGROUP   M=ComObj   ACBP=A9
 0002:00009EC4 00000004 C=BSS      S=.bss     G=DGROUP   M=StdVCL   ACBP=A9
 0002:00009EC8 0000001C C=BSS      S=.bss     G=DGROUP   M=AxCtrls  ACBP=A9
 0002:00009EE4 00000004 C=BSS      S=.bss     G=DGROUP   M=OleConst ACBP=A9
 0002:00009EE8 00000014 C=BSS      S=.bss     G=DGROUP   M=OleCtrls ACBP=A9
 0002:00009EFC 00000004 C=BSS      S=.bss     G=DGROUP   M=OleServer ACBP=A9
 0002:00009F00 00000004 C=BSS      S=.bss     G=DGROUP   M=SHDocVw  ACBP=A9
 0002:00009F04 00000004 C=BSS      S=.bss     G=DGROUP   M=MaskUtils ACBP=A9
 0002:00009F08 00000004 C=BSS      S=.bss     G=DGROUP   M=Mask     ACBP=A9
 0002:00009F0C 00000194 C=BSS      S=.bss     G=DGROUP   M=ScktComp ACBP=A9
 0002:0000A0A0 00000008 C=BSS      S=.bss     G=DGROUP   M=sndkey32 ACBP=A9
 0002:0000A0A8 00000011 C=BSS      S=.bss     G=DGROUP   M=SendKeys ACBP=A9
 0002:0000A0BC 00000004 C=BSS      S=.bss     G=DGROUP   M=uCrypt   ACBP=A9
 0002:0000A0C0 00000004 C=BSS      S=.bss     G=DGROUP   M=uHBrowsers ACBP=A9
 0002:0000A0C4 00000004 C=BSS      S=.bss     G=DGROUP   M=TlHelp32 ACBP=A9
 0002:0000A0C8 00000004 C=BSS      S=.bss     G=DGROUP   M=Masks    ACBP=A9
 0002:0000A0CC 00000004 C=BSS      S=.bss     G=DGROUP   M=WebConst ACBP=A9
 0002:0000A0D0 00000004 C=BSS      S=.bss     G=DGROUP   M=BrkrConst ACBP=A9
 0002:0000A0D4 00000008 C=BSS      S=.bss     G=DGROUP   M=HTTPApp  ACBP=A9
 0002:0000A0DC 00000004 C=BSS      S=.bss     G=DGROUP   M=IdEMailAddress ACBP=A9
 0002:0000A0E0 00000004 C=BSS      S=.bss     G=DGROUP   M=IdCoderHeader ACBP=A9
 0002:0000A0E4 00000004 C=BSS      S=.bss     G=DGROUP   M=IdMessageCoder ACBP=A9
 0002:0000A0E8 00000004 C=BSS      S=.bss     G=DGROUP   M=IdCoderQuotedPrintable ACBP=A9
 0002:0000A0EC 00000010 C=BSS      S=.bss     G=DGROUP   M=IdMessageCoderMIME ACBP=A9
 0002:0000A0FC 00000004 C=BSS      S=.bss     G=DGROUP   M=IdIOHandlerStream ACBP=A9
 0002:0000A100 00000084 C=BSS      S=.bss     G=DGROUP   M=IdCoderUUE ACBP=A9
 0002:0000A184 00000084 C=BSS      S=.bss     G=DGROUP   M=IdCoderXXE ACBP=A9
 0002:0000A208 00000004 C=BSS      S=.bss     G=DGROUP   M=IdMessageCoderUUE ACBP=A9
 0002:0000A20C 00000004 C=BSS      S=.bss     G=DGROUP   M=IdMessageCoderXXE ACBP=A9
 0002:0000A210 00000004 C=BSS      S=.bss     G=DGROUP   M=IdMessageClient ACBP=A9
 0002:0000A214 00000004 C=BSS      S=.bss     G=DGROUP   M=IdMessage ACBP=A9
 0002:0000A218 00000004 C=BSS      S=.bss     G=DGROUP   M=ShFolder ACBP=A9
 0002:0000A21C 00000004 C=BSS      S=.bss     G=DGROUP   M=IdSMTP   ACBP=A9
 0002:0000A220 00000004 C=BSS      S=.bss     G=DGROUP   M=AppEvnts ACBP=A9
 0002:0000A224 00000004 C=BSS      S=.bss     G=DGROUP   M=AccCtrl  ACBP=A9
 0002:0000A228 00000004 C=BSS      S=.bss     G=DGROUP   M=AclAPI   ACBP=A9
 0002:0000A22C 00000004 C=BSS      S=.bss     G=DGROUP   M=funcs2013 ACBP=A9
 0002:0000A230 00000004 C=BSS      S=.bss     G=DGROUP   M=uPCFuncs ACBP=A9
 0002:0000A234 00000008 C=BSS      S=.bss     G=DGROUP   M=uSOBRE   ACBP=A9
 0002:0000A23C 00000004 C=BSS      S=.bss     G=DGROUP   M=uScreenFuncs ACBP=A9
 0002:0000A240 00000004 C=BSS      S=.bss     G=DGROUP   M=pngzlib  ACBP=A9
 0002:0000A244 00000004 C=BSS      S=.bss     G=DGROUP   M=pnglang  ACBP=A9
 0002:0000A248 00000409 C=BSS      S=.bss     G=DGROUP   M=pngimage ACBP=A9
 0002:0000A654 00000004 C=BSS      S=.bss     G=DGROUP   M=MMSystem ACBP=A9
 0002:0000A658 0000000C C=BSS      S=.bss     G=DGROUP   M=GIFImage ACBP=A9
 0002:0000A664 00000008 C=BSS      S=.bss     G=DGROUP   M=uVerMPF  ACBP=A9
 0002:0000A66C 00000008 C=BSS      S=.bss     G=DGROUP   M=uPITA    ACBP=A9
 0002:0000A674 00000008 C=BSS      S=.bss     G=DGROUP   M=uPITAJ   ACBP=A9
 0002:0000A67C 00000008 C=BSS      S=.bss     G=DGROUP   M=uPBF     ACBP=A9
 0002:0000A684 00000008 C=BSS      S=.bss     G=DGROUP   M=uAzul    ACBP=A9
 0002:0000A68C 00000008 C=BSS      S=.bss     G=DGROUP   M=uBrB     ACBP=A9
 0002:0000A694 0000000C C=BSS      S=.bss     G=DGROUP   M=uPSNT    ACBP=A9
 0002:0000A6A0 00000008 C=BSS      S=.bss     G=DGROUP   M=uPSNTJ   ACBP=A9
 0002:0000A6A8 00000028 C=BSS      S=.bss     G=DGROUP   M=Conectar ACBP=A9


  Address         Publics by Name

 0001:0006EFA0       ..
 0001:00074710       ..
 0002:000053FC       ..
 0002:00006044       ..
 0001:00092390       ..
 0001:00072EEC       ..
 0001:0007993C       ..
 0002:00005404       ..
 0001:00077748       ..
 0001:0007AE04       ..
 0001:0006F548       ..
 0002:000054B8       ..
 0002:00000F14       ..
 0001:0007A8EC       ..
 0001:00077F70       ..
 0002:00002138       ..
 0001:00060AC4       ..
 0002:00000E58       ..
 0001:0007BE70       ..
 0001:00070190       ..
 0001:00078AA0       ..
 0002:00005508       ..
 0001:00071B68       ..
 0001:000958E0       ..
 0001:000731BC       ..
 0001:00078BFC       ..
 0002:000027E4       ..
 0002:00002244       ..
 0001:00071490       ..
 0001:0006B334       ..
 0001:0006BF98       ..
 0001:0006C4FC       ..
 0001:0006C9C0       ..
 0001:00079FC4       ..
 0001:0007668C       ..
 0001:0006D100       ..
 0002:00002038       ..
 0001:0006DE28       ..
 0002:000020B8       ..
 0001:0006E9B4       ..
 0002:00002028       ..
 0001:00079138       ..
 0001:0007679C       ..
 0002:00005F18       ..
 0002:00002444       ..
 0001:00072BF8       ..
 0002:0000A65C       .02
 0002:00009EC8       .02
 0002:00008BE4       .1
 0002:00009DA0       .1
 0002:00008970       .1
 0002:0000A0C0       .1
 0002:0000A0C4       .1
 0002:0000A0BC       .1
 0002:0000A0CC       .1
 0002:0000A0D0       .1
 0002:00009D84       .1
 0002:00008A74       .1
 0002:00008A70       .1
 0002:0000866C       .1
 0002:0000A0E0       .1
 0002:00008674       .1
 0002:0000893C       .1
 0002:0000A244       .1
 0002:00008BC0       .1
 0002:00008A44       .1
 0002:00008A6C       .1
 0002:00008A7C       .1
 0002:00008A68       .1
 0002:00008A64       .1
 0002:00009EC4       .1
 0002:00008680       .1
 0002:00009DA8       .1
 0002:0000867C       .1
 0002:00009D3C       .1
 0002:00008928       .1
 0002:00008B80       .1
 0002:000088FC       .1
 0002:00009E4C       .1
 0002:00009B50       .1
 0002:00008840       .1
 0002:00008A60       .1
 0002:0000A218       .1
 0002:00009B44       .1
 0002:0000A224       .1
 0002:0000A228       .1
 0002:0000A22C       .1
 0002:0000A230       .1
 0002:00009E68       .1
 0002:0000A0A0       .1
 0002:0000A240       .1
 0002:00008B78       .1
 0002:00008AA8       .1
 0002:00008A98       .1
 0002:0000A23C       .1
 0002:00009EA0       .1
 0002:00009EAC       .1
 0002:00009B40       .1
 0002:00009EE4       .1
 0002:00008890       .1
 0002:00009E74       .11
 0002:00009D58       .11
 0002:00008A80       .11
 0002:00008898       .12
 0002:00008A78       .12
 0002:0000A670       .2
 0002:0000A6CC       .2
 0002:00008A90       .2
 0002:00009F04       .2
 0002:00008940       .2
 0002:0000A0A8       .2
 0002:00009D9C       .2
 0002:00009D94       .2
 0002:0000A680       .2
 0002:00009D8C       .2
 0002:00009D88       .2
 0002:00009D7C       .2
 0002:0000A688       .2
 0002:00009D68       .2
 0002:00009D64       .2
 0002:00009E90       .2
 0002:0000A678       .2
 0002:0000A668       .2
 0002:0000A0FC       .2
 0002:00009DB0       .2
 0002:00009D34       .2
 0002:000088F4       .2
 0002:0000A690       .2
 0002:00009DB4       .2
 0002:0000A21C       .2
 0002:0000A69C       .2
 0002:0000A6A4       .2
 0002:0000A238       .2
 0002:00009E64       .2
 0002:00009E60       .2
 0002:00008A54       .2
 0002:00009E5C       .2
 0002:00008B74       .2
 0002:000088F8       .21
 0002:0000A214       .21
 0002:0000A0D4       .22
 0002:00009E78       .22
 0002:00009E40       .3
 0002:00009D48       .3
 0002:00008848       .3
 0002:00009D90       .3
 0002:00009D4C       .3
 0002:0000A204       .3
 0002:00009EFC       .3
 0002:00009DBC       .3
 0002:0000A0E8       .3
 0002:0000A210       .3
 0002:0000A220       .3
 0002:00009D80       .3
 0002:00009DB8       .3
 0002:00008BB4       .3
 0002:00009D6C       .3
 0002:00009DA4       .3
 0002:00008678       .3
 0002:0000A20C       .3
 0002:00008948       .3
 0002:0000A0C8       .3
 0002:0000894C       .3
 0002:00008B38       .3
 0002:00009D98       .31
 0002:00008794       .35
 0002:00008BD4       .36
 0002:00009E94       .4
 0002:0000A0DC       .4
 0002:00008B7C       .4
 0002:00009E70       .4
 0002:00009E44       .4
 0002:00009D78       .4
 0002:00008B84       .4
 0002:00009F0C       .41
 0002:00009EB0       .41
 0002:00009F00       .41
 0002:00009B48       .41
 0002:00008B5C       .41
 0002:00008A5C       .42
 0002:00008858       .45
 0002:000085BC       .5
 0002:00009F08       .5
 0002:00009E48       .5
 0002:000087FC       .5
 0002:0000A180       .5
 0002:00008BBC       .5
 0002:00009E98       .5
 0002:00009E50       .5
 0002:00009EF8       .5
 0002:0000A0F8       .5
 0002:0000A248       .53
 0002:00008984       .6
 0002:0000A208       .6
 0002:00008844       .6
 0002:00009EA8       .6
 0002:00009B4C       .64
 0002:00008BE0       .7
 0002:0000A0E4       .7
 0002:00009E6C       .7
 0002:00009DAC       .7
 0002:0000A654       .7
 0002:00009D44       .7
 0002:00008BC4       .72
 0002:00008ABC       .72
 0002:00008A9C       .73
 0002:00009E9C       .8
 0002:00008B34       .8
 0002:00008BB8       .8
 0002:00008BD0       .8
 0002:00008820       .81
 0002:00009E8C       .9
 0002:00008B4C       .9
 0002:00009D74       .9
 0001:00001FA4       @AbstractError
 0001:00062918       @adler32
 0001:00002C04       @AfterConstruction
 0001:00002A30       @AsClass
 0001:00002148       @AStrCmp
 0001:00002C14       @BeforeDestruction
 0001:000027B0       @BoundErr
 0001:00002A7C       @CallDynaInst
 0001:00005144       @CheckAutoResult
 0001:00002BAC       @ClassCreate
 0001:00002BFC       @ClassDestroy
 0001:00002014       @Close
 0001:00001C64       @Copy
 0001:0000433C       @CopyArray
 0001:00004220       @CopyRecord
 0001:000044A8       @DispCallByIDError
 0001:0000E910       @DispInvokeError
 0001:00004444       @Dispose
 0001:00003090       @DoneExcept
 0001:0000491C       @DynArrayAsg
 0001:000048E0       @DynArrayClear
 0001:00004700       @DynArrayHigh
 0001:000046F8       @DynArrayLength
 0001:000048D4       @DynArraySetLength
 0001:00003178       @ExceptionHandler
 0001:00001F5C       @EXP
 0001:000021B8       @FillChar
 0001:000041FC       @Finalize
 0001:00004110       @FinalizeArray
 0001:000040C4       @FinalizeRecord
 0001:00002A94       @FindDynaInst
 0001:000027A4       @FpuInit
 0001:000026E0       @FpuMaskInit
 0001:00001AD8       @FreeMem
 0001:00001AA8       @GetMem
 0001:00005798       @GetTls
 0001:000035E8       @Halt
 0001:00003508       @Halt0
 0001:00002D28       @HandleAnyException
 0001:00002FDC       @HandleFinally
 0001:00002E54       @HandleOnException
 0001:00093B24       @inflate_fast
 0001:0009546C       @inflate_table
 0001:000057E4       @InitExe
 0001:000040B8       @Initialize
 0001:00004024       @InitializeArray
 0001:00003FF4       @InitializeRecord
 0001:000033CC       @InitImports
 0001:000033A4       @InitResStringImports
 0001:00003380       @InitResStrings
 0001:000050A8       @IntfAddRef
 0001:00005078       @IntfCast
 0001:00005034       @IntfClear
 0001:0000504C       @IntfCopy
 0001:00002A0C       @IsClass
 0001:000026B0       @isNECWindows
 0001:000765DC       @jcopy_block_row
 0001:00076590       @jcopy_sample_rows
 0001:00076568       @jdiv_round_up
 0001:000700FC       @jinit_1pass_quantizer
 0001:00071370       @jinit_2pass_quantizer
 0001:00079D78       @jinit_color_converter
 0001:0006F37C       @jinit_color_deconverter
 0001:0007769C       @jinit_compress_master
 0001:00079874       @jinit_c_coef_controller
 0001:00078B78       @jinit_c_main_controller
 0001:000789D8       @jinit_c_master_control
 0001:00079090       @jinit_c_prep_controller
 0001:0007A764       @jinit_downsampler
 0001:00072AE4       @jinit_d_coef_controller
 0001:00071A88       @jinit_d_main_controller
 0001:00072E58       @jinit_d_post_controller
 0001:0007AD88       @jinit_forward_dct
 0001:0006E974       @jinit_huff_decoder
 0001:0007CACC       @jinit_huff_encoder
 0001:0006C4B4       @jinit_input_controller
 0001:00073140       @jinit_inverse_dct
 0001:0007640C       @jinit_marker_reader
 0001:00077F1C       @jinit_marker_writer
 0001:0006D0C8       @jinit_master_decompress
 0001:0006BE60       @jinit_memory_mgr
 0001:0006EF20       @jinit_merged_upsampler
 0001:0006DDB4       @jinit_phuff_decoder
 0001:0007B894       @jinit_phuff_encoder
 0001:000736A0       @jinit_upsampler
 0001:000765FC       @jpeg_abort
 0001:00076674       @jpeg_alloc_huff_table
 0001:0007665C       @jpeg_alloc_quant_table
 0001:0007BB44       @jpeg_fdct_float
 0001:0007B8D8       @jpeg_fdct_ifast
 0001:0006E25C       @jpeg_fill_bit_buffer
 0001:0006BF6C       @jpeg_free_large
 0001:0006BF5C       @jpeg_free_small
 0001:0007C810       @jpeg_gen_optimal_table
 0001:0006BF64       @jpeg_get_large
 0001:0006BF54       @jpeg_get_small
 0001:0006E3A8       @jpeg_huff_decode
 0001:000746D4       @jpeg_idct_1x1
 0001:000744E4       @jpeg_idct_2x2
 0001:00074130       @jpeg_idct_4x4
 0001:000738B8       @jpeg_idct_float
 0001:00073CFC       @jpeg_idct_ifast
 0001:0007C000       @jpeg_make_c_derived_tbl
 0001:0006DF60       @jpeg_make_d_derived_tbl
 0001:0006BF74       @jpeg_mem_available
 0001:0006BF90       @jpeg_mem_init
 0001:0006BF94       @jpeg_mem_term
 0001:0006BF80       @jpeg_open_backing_store
 0001:000762D8       @jpeg_resync_to_restart
 0001:00077460       @jpeg_suppress_tables
 0001:00076578       @jround_up
 0001:000765EC       @jzero_far
 0001:00003B34       @LStrAddRef
 0001:000036A8       @LStrArrayClr
 0001:000036D8       @LStrAsg
 0001:0000394C       @LStrCat
 0001:00003990       @LStrCat3
 0001:00003A04       @LStrCatN
 0001:00003684       @LStrClr
 0001:00003A90       @LStrCmp
 0001:00003BA4       @LStrCopy
 0001:00003BE4       @LStrDelete
 0001:000038F4       @LStrFromArray
 0001:0000386C       @LStrFromChar
 0001:0000387C       @LStrFromPChar
 0001:00003774       @LStrFromPCharLen
 0001:000038AC       @LStrFromPWChar
 0001:000037E0       @LStrFromPWCharLen
 0001:000038E8       @LStrFromString
 0001:0000390C       @LStrFromWStr
 0001:00003C2C       @LStrInsert
 0001:0000371C       @LStrLAsg
 0001:00003944       @LStrLen
 0001:00003C88       @LStrPos
 0001:00003CD0       @LStrSetLength
 0001:00003B44       @LStrToPChar
 0001:00003920       @LStrToString
 0001:00004430       @New
 0001:00003748       @NewAnsiString
 0001:00003D3C       @NewWideString
 0001:00012DC0       @OleVarFromInt
 0001:00013074       @OleVarFromLStr
 0001:00013130       @OleVarFromVar
 0001:00001ED0       @Pos
 0001:000023C4       @Pow10
 0001:000020C4       @PStrCmp
 0001:0000209C       @PStrCpy
 0001:0000206C       @PStrNCat
 0001:000020A8       @PStrNCpy
 0001:0000303C       @RaiseAgain
 0001:00003014       @RaiseExcept
 0001:000021F4       @RandExt
 0001:000021D8       @RandInt
 0001:00001AF8       @ReallocMem
 0001:00001F74       @ROUND
 0001:000035F4       @RunError
 0001:00002320       @SetElem
 0001:0000239C       @SetEq
 0001:00002344       @SetRange
 0001:000023B0       @SetUnion
 0001:00003340       @StartExe
 0001:0000030C       @strlen
 0001:00001F80       @TRUNC
 0001:000030C0       @TryFinallyExit
 0001:00003B9C       @UniqueStringA
 0001:000044D4       @ValInt64
 0001:0000221C       @ValLong
 0001:0001329C       @VarAddRef
 0001:0000F204       @VarCast
 0001:0000EBFC       @VarClear
 0001:000040F8       @VarClr
 0001:0000EC10       @VarClr
 0001:0000EF38       @VarCopy
 0001:00004208       @VarCopy
 0001:00012F54       @VarFromBool
 0001:00012DE0       @VarFromByte
 0001:00012FA4       @VarFromCurr
 0001:00012EFC       @VarFromCurrency
 0001:00012F28       @VarFromDate
 0001:00013048       @VarFromDisp
 0001:00012ED0       @VarFromDouble
 0001:00012D64       @VarFromInt
 0001:00012E80       @VarFromInt64
 0001:00012DA0       @VarFromInteger
 0001:0001301C       @VarFromIntf
 0001:00012E20       @VarFromLongWord
 0001:00012FB8       @VarFromLStr
 0001:00012F7C       @VarFromReal
 0001:00012E40       @VarFromShortInt
 0001:00012EAC       @VarFromSingle
 0001:00012E60       @VarFromSmallInt
 0001:00012F90       @VarFromTDateTime
 0001:00012E00       @VarFromWord
 0001:00012FE4       @VarFromWStr
 0001:0000E964       @VarNull
 0001:00010688       @VarToBoolean
 0001:0000FAC8       @VarToByte
 0001:0001184C       @VarToCurrency
 0001:000112E4       @VarToDate
 0001:00012CB8       @VarToDisp
 0001:00010B90       @VarToDouble
 0001:0001008C       @VarToInt64
 0001:0000F5C8       @VarToInteger
 0001:00012BEC       @VarToIntf
 0001:0000FD40       @VarToLongWord
 0001:00011F00       @VarToLStr
 0001:0000FA18       @VarToShortInt
 0001:00010F0C       @VarToSingle
 0001:0000FB70       @VarToSmallInt
 0001:0000FC68       @VarToWord
 0001:00012620       @VarToWStr
 0001:00003D7C       @WStrArrayClr
 0001:00003DA0       @WStrAsg
 0001:00003D64       @WStrClr
 0001:00003EDC       @WStrCmp
 0001:00003F60       @WStrCopy
 0001:00003EB0       @WStrFromLStr
 0001:00003DC4       @WStrFromPCharLen
 0001:00003E74       @WStrFromPWChar
 0001:00003E50       @WStrFromPWCharLen
 0001:00003ED0       @WStrLen
 0001:00003FAC       @WStrSetLength
 0001:00003EC0       @WStrToPWChar
 0001:000022FC       @_CLenToPasStr
 0001:000022F0       @_CToPasStr
 0001:00001C34       @_IOTest
 0001:000044B0       @_llmul
 0001:00096AD8       @_tr_align
 0001:00061CBC       @_tr_align
 0001:00096DA4       @_tr_flush_block
 0001:00061F88       @_tr_flush_block
 0001:00060AC8       @_tr_init
 0001:000958E4       @_tr_init
 0001:00061C00       @_tr_stored_block
 0001:00096A1C       @_tr_stored_block
 0001:0000B358       Abort
 0001:00038478       AbsMin
 0001:0000B730       AbstractErrorHandler
 0002:0000802C       AbstractErrorProc
 0001:00091CDC       AccCtrl
 0002:00009B58       accept
 0002:00009D08       AcceptEx
 0002:0000014C       AccessMode
 0001:00091D14       AclAPI
 0001:00001B94       AcquireExceptionObject
 0001:00016DF0       ActivateClassGroup
 0001:00005EA0       ActivateKeyboardLayout
 0002:00008AF0       ActiveDrag
 0001:00014848       ActiveX
 0001:00047924       ActnList
 0001:0000047C       AddBlockAfter
 0002:000003D4       AddDataModule
 0001:00007708       AddExitProc
 0001:0001A804       AddFinished
 0001:000A79D0       AddIconMask
 0001:0004AC90       AddIn
 0001:000A780C       AddMask
 0001:000A7960       AddMaskOnly
 0001:000A7A9C       AddMetafileMask
 0001:00004E9C       AddModuleUnloadProc
 0001:00004E8C       AddModuleUnloadProc
 0001:0001A83C       AddNotFinished
 0001:0004EB10       AddOle2
 0001:0001B260       AddSubComponentsToLoaded
 0001:0001D68C       AddThread
 0001:00022F14       AdjustColor
 0001:00033510       AdjustColors
 0001:00007A3C       AdjustLineBreaks
 0001:00051F58       Adjustment
 0001:00005EA8       AdjustWindowRectEx
 0001:00092264       adler32
 0001:0009F3A0       AlignBit
 0002:000007D4       Alignments
 0002:00000864       Alignments
 0002:00000814       Alignments
 0002:00000C8C       Alignments
 0002:0000084C       Alignments
 0002:00000C7C       Alignments
 0001:00058E9C       AlignWork
 0001:0003DC5C       AlignWork
 0001:0001EEF0       AllocateHWnd
 0002:0000A0A4       AllocationSize
 0001:000076AC       AllocMem
 0002:000085B4       AllocMemCount
 0002:000085B8       AllocMemSize
 0001:00028B18       AllocPatternBitmap
 0001:00005728       AllocTlsBuffer
 0002:00000A68       AnchorAlign
 0002:00000A5C       AnimateWindowProc
 0002:00000B64       AnimationStyle
 0001:00007910       AnsiCompareStr
 0001:00007948       AnsiCompareText
 0001:00008180       AnsiLastChar
 0001:00005EB0       AnsiLower
 0001:000078DC       AnsiLowerCase
 0001:0000C0F8       AnsiLowerCaseFileName
 0001:0000C0BC       AnsiPos
 0001:0004F5C0       AnsiSameCaption
 0001:00007980       AnsiSameText
 0001:00007998       AnsiStrLIComp
 0001:0000C184       AnsiStrPos
 0001:0000C244       AnsiStrRScan
 0001:0000C28C       AnsiStrScan
 0001:000054C4       AnsiToUtf8
 0001:000078A8       AnsiUpperCase
 0001:00012B74       AnyToIntf
 0001:0000963C       AppendChars
 0001:00009A08       AppendFormat
 0001:000096A0       AppendNumber
 0001:00009680       AppendString
 0001:00091C78       AppEvnts
 0002:00006D0C       AppExtensionList
 0002:00008B54       Application
 0002:000003E4       ApplicationHandleException
 0002:000003EC       ApplicationShowException
 0002:00000DB8       AppVisible
 0001:0000B714       AssertErrorHandler
 0002:00008024       AssertErrorProc
 0001:00013FC4       AssignLongStr
 0001:00014380       AssignVariant
 0002:00009D60       ATempPath
 0001:00005EB8       AttachThreadInput
 0002:000028A8       AuthList
 0002:0000860C       avail
 0002:00009B20       Avail
 0001:00084BF8       AxCtrls
 0001:0008C50C       B64
 0001:000082C4       BackfillGetDiskFreeSpaceEx
 0001:0003B020       BackgroundClipped
 0001:0000D874       BackupVarBoolFromStr
 0001:0000D9D4       BackupVarBStrFromBool
 0001:0000D8F4       BackupVarBStrFromCy
 0001:0000D964       BackupVarBStrFromDate
 0001:0000D808       BackupVarCyFromStr
 0001:0000D79C       BackupVarDateFromStr
 0001:0000D658       BackupVarI4FromStr
 0001:0000D604       BackupVariantChangeTypeEx
 0001:0000D6C4       BackupVarR4FromStr
 0001:0000D730       BackupVarR8FromStr
 0002:00005368       base64_tbl
 0001:00017148       BeginGlobalLoading
 0001:00005EC0       BeginPaint
 0001:00003638       BeginThread
 0001:00022F20       BetterSize
 0001:0004BB24       BiDiDraw
 0001:000647EC       bind
 0002:00009B5C       bind
 0001:00005C60       BitBlt
 0002:00000DC0       BitBtnCaptions
 0002:00008B88       BitBtnGlyphs
 0002:00006CAC       BitBucketMask
 0002:00008BF8       BitBuf
 0002:00008C00       BitCount
 0002:00000714       BitCounts
 0002:0000070C       BitmapCanvasList
 0002:000088B0       BitmapImageLock
 0002:00006BC8       BitmapInfoHeader
 0001:0008AF04       BitSet
 0002:00006B88       BitTable
 0002:00006B44       BitTable
 0001:0000D640       BiUnimplemented
 0002:00000428       BlockCode
 0002:000085E4       blockDescBlockList
 0002:000085E8       blockDescFreeList
 0002:00008E30       BlockSize
 0002:000003B8       BooleanIdents
 0002:00000330       BooleanToStringRule
 0001:00008000       BoolToStr
 0001:00011C88       BoolToWStrViaOS
 0002:000007CC       BorderStyles
 0002:0000085C       BorderStyles
 0001:000160D4       Bounds
 0001:00005884       Bounds
 0002:00000C24       Breaks
 0001:00005EC8       BringWindowToTop
 0001:0008C298       BrkrConst
 0002:000088E8       BrushManager
 0002:00008E6C       Buf
 0002:00008C04       Buffer
 0002:00008C08       BufPtr
 0001:0006A4E8       BuildColorMap
 0001:0009D6D4       BuildHeader
 0001:0004E2F8       BuildImage
 0001:0006A440       BuildPalette
 0002:00000A30       ButtonCaptions
 0002:00002980       ButtonMap
 0002:00000A04       ButtonNames
 0001:0005C184       Buttons
 0002:00000CA0       Buttons
 0002:00000844       ButtonStyles
 0001:00066640       ByteIsOk
 0001:00098864       BytesForPixels
 0001:000226EC       BytesPerScanline
 0001:00098858       ByteSwap
 0001:0009885C       ByteSwap16
 0001:00022A50       ByteSwapColors
 0001:0009F9F4       ByteSwapColors
 0001:0000BDEC       ByteToCharIndex
 0001:0000BDC4       ByteToCharLen
 0001:0000BD88       ByteType
 0001:0000BD10       ByteTypeTest
 0002:00008B3C       CachedComCtrlVer
 0001:0001EDF4       CalcJmpOffset
 0001:00045968       CalcSplitterPos
 0002:00009E88       CallbackLockList
 0001:00086510       CallEventMethod
 0001:00005ED0       CallNextHookEx
 0001:0000CA98       CallTerminateProcs
 0001:00005ED8       CallWindowProc
 0001:000394C4       CancelDrag
 0001:000A8B24       CanMakeTransparent
 0002:000088EC       CanvasList
 0002:00008B04       CanvasList
 0002:000009F0       Captions
 0002:00000B20       CaptureControl
 0002:00000BC4       cBooleanToItemAutoFlag
 0002:000096EC       CCode
 0002:00008E70       CFreq
 0002:00008A8E       CF_COMPONENT
 0002:0000A658       CF_GIF
 0002:00008A8C       CF_PICTURE
 0002:00008818       ChangeAnyProc
 0001:00037A28       ChangeBiDiModeAlignment
 0002:000007F4       CharCases
 0001:000037A4       CharFromWChar
 0001:0000BFD0       CharLength
 0001:00005EE0       CharLowerBuff
 0001:00005EE8       CharNext
 0001:0000027C       CharNext
 0001:00020FC0       CharsetToIdent
 0001:0000BED8       CharToByteIndex
 0001:0000BF3C       CharToByteLen
 0001:00005EF0       CharToOemA
 0001:00005EF8       CharUpperBuff
 0001:0008E3C0       CheckAndSetType
 0001:00023504       CheckBool
 0001:00089C7C       CheckError
 0001:00002CA4       CheckJmp
 0001:00005F00       CheckMenuItem
 0002:00000C14       Checks
 0001:000896BC       CheckSocketResult
 0001:0001B29C       CheckSubComponents
 0001:0001D6A4       CheckSynchronize
 0001:00051994       CheckTaskWindow
 0001:00039178       CheckUndock
 0001:0000BC04       CheckWin32Version
 0001:00063624       Child
 0002:00009B18       ChildCount
 0002:0000A0B4       ChildText
 0002:0000A0B8       ChildWindow
 0001:0008BF60       ChromeH
 0002:0000A24C       ChunkClasses
 0002:00000338       CInvalidCustomVariantType
 0002:00000BC8       cItemAutoFlagToBoolean
 0002:00000BC0       cItemAutoFlagToMenu
 0001:0001F080       Classes
 0001:00082524       ClassIDToProgID
 0001:00016B80       ClassNotFound
 0001:00089820       Cleanup
 0002:00008814       ClearAnyProc
 0001:000AA5D4       ClearBackup
 0001:00020840       ClearColor
 0001:00083130       ClearExcepInfo
 0002:00006BF8       ClearFlag
 0001:000135D8       ClearVariantTypeList
 0002:00008E2C       CLen
 0001:00005F08       ClientToScreen
 0001:00042F00       ClientToWindow
 0001:00034904       Clipboard
 0002:00000704       ClipboardFormats
 0001:000349F0       Clipbrd
 0001:00005F10       CloseClipboard
 0001:00005C68       CloseEnhMetaFile
 0001:000059E0       CloseHandle
 0001:000647F4       closesocket
 0002:00009B60       closesocket
 0002:0000898C       CloseThemeData
 0002:00008040       CmdLine
 0002:0000803C       CmdShow
 0002:00000BBC       cMenuAutoFlagToItem
 0001:0000D64C       CmpUnimplemented
 0002:00002934       CoAddRefServerProcess
 0001:000147B4       CoCreateInstance
 0002:0000292C       CoCreateInstanceEx
 0001:000147AC       CoGetClassObject
 0002:00002944       CoInitFlags
 0001:0001479C       CoInitialize
 0002:00002930       CoInitializeEx
 0002:00000484       Colors
 0001:0009F3B0       Colors2bpp
 0001:00020DB8       ColorToIdent
 0002:00000870       ColorToPretyName
 0001:00020DA8       ColorToRGB
 0002:00006B28       ColumnIncrement
 0002:00006AF0       ColumnStart
 0002:00009EB8       ComClassManagerVar
 0001:00082190       ComConst
 0002:00008900       ComCtl32DLL
 0001:0005F28C       ComCtrls
 0002:00008B50       CommandPool
 0001:00029478       CommCtrl
 0001:000318B4       CommDlg
 0001:000007FC       Commit
 0002:00008628       committedRoot
 0001:000833F8       ComObj
 0001:0004A274       CompareFront
 0001:00007810       CompareMem
 0001:000077E0       CompareStr
 0001:000646F8       CompareStream
 0001:000B3EF0       CompareStream2
 0001:000059E8       CompareString
 0001:00007830       CompareText
 0001:00007F28       CompareWith
 0001:0001B37C       ComponentCreated
 0001:00092444       compressBound
 0001:000B386C       CompressStream
 0001:00098C40       CompressZLIB
 0002:00008BEC       CompSize
 0001:000232C4       ComputeAldusChecksum
 0001:0005C0AC       ComStrs
 0001:000B7724       Conectar
 0001:000647FC       connect
 0002:00009B64       connect
 0001:0001F42C       Consts
 0001:000292E0       Contnrs
 0002:00008AC2       ControlAtom
 0002:00008AC8       ControlAtomString
 0001:00056740       ControlHasHelp
 0001:000465E8       Controls
 0001:0000B0E8       ConvertAddr
 0001:00009794       ConvertEraString
 0001:00007688       ConvertErrorFmt
 0001:00009900       ConvertYearString
 0001:00004708       CopyArray
 0001:00025E10       CopyBitmap
 0001:000264D8       CopyBitmapAsMask
 0001:00005C70       CopyEnhMetaFile
 0001:00005F18       CopyIcon
 0001:00005F20       CopyImage
 0001:00006454       CopyMemory
 0001:00026474       CopyPalette
 0002:00000768       Copyright
 0001:0004D3A4       CopyToBest
 0002:00002938       CoReleaseServerProcess
 0002:0000293C       CoResumeClassObjects
 0002:00002940       CoSuspendClassObjects
 0001:000147CC       CoTaskMemFree
 0001:000147A4       CoUninitialize
 0001:0000BE48       CountChars
 0002:000088C8       CounterLock
 0001:00062B88       CountLen
 0001:00062FB0       CountTFreq
 0002:00009B0E       CPos
 0002:0000033C       CRangeToType
 0002:0000A250       crc_table
 0002:0000A650       crc_table_computed
 0001:0000B658       CreateAssertException
 0001:0000B7E0       CreateAVObject
 0001:00005C78       CreateBitmap
 0001:00005C80       CreateBrushIndirect
 0001:000989CC       CreateClassChunk
 0001:00082550       CreateComObject
 0001:00005C88       CreateCompatibleBitmap
 0001:00005C90       CreateCompatibleDC
 0001:0001B3FC       CreateComponent
 0001:00005CA0       CreateDIBitmap
 0001:00005C98       CreateDIBSection
 0001:00005CA8       CreateEnhMetaFile
 0001:000059F0       CreateEvent
 0001:000059F8       CreateFile
 0001:00005CB0       CreateFontIndirect
 0001:00005CB8       CreateHalftonePalette
 0001:00005F28       CreateIcon
 0001:0000B584       CreateInOutError
 0001:00005F30       CreateMenu
 0001:000A264C       CreateOptimizedPaletteFromSingleBitmap
 0001:00005CC0       CreatePalette
 0001:00005CC8       CreatePenIndirect
 0001:00005F38       CreatePopupMenu
 0001:00082668       CreateRemoteComObject
 0001:00005CD0       CreateSolidBrush
 0001:000147EC       CreateStreamOnHGlobal
 0001:00022AA8       CreateSystemPalette
 0001:00000284       CreateThread
 0001:00005A00       CreateThread
 0001:00006570       CreateWindow
 0001:00006518       CreateWindowEx
 0002:00000A60       CreationControl
 0002:000009E8       CreationControl
 0002:000003A4       CRelationshipToBoolean
 0002:0000031C       CResult
 0001:0008BA8C       Crypt
 0002:00002988       CServerData
 0002:00000144       cSimpleBoolStrs
 0002:00008E28       CTable
 0002:00000350       CText
 0002:00000B5C       Ctl3DStyles
 0002:00008620       curAlloc
 0002:0000868C       CurrencyDecimals
 0002:00008688       CurrencyFormat
 0002:00008684       CurrencyString
 0001:00009628       CurrentYear
 0001:000091B4       CurrToStr
 0001:00011C18       CurrToWStrViaOS
 0002:00000D3C       CursorMap
 0002:00000A70       Cursors
 0001:00037D48       CursorToIdent
 0002:00000D2C       cUseAlpha
 0002:00000D34       cUseColorKey
 0001:00007C48       CvtInt
 0001:00007CB4       CvtInt64
 0002:00000184       CWNear
 0001:0005C354       DataTypeToRegData
 0002:0000868D       DateSeparator
 0001:0000A23C       DateTimeToStr
 0001:0000A1E0       DateTimeToString
 0001:00009274       DateTimeToTimeStamp
 0001:00011C50       DateToWStrViaOS
 0001:00009600       DayOfWeek
 0002:00005340       DaysOfWeek
 0002:00000180       DCon10
 0002:00000480       DDBsOnly
 0001:0007F1B8       DdeAccessData
 0001:0007FBEC       DDECheck
 0001:0007F1A8       DdeClientTransaction
 0001:0007F1F0       DdeCmpStringHandles
 0001:0007F178       DdeConnect
 0001:0007F1B0       DdeCreateDataHandle
 0001:0007F1D8       DdeCreateStringHandle
 0001:0007F180       DdeDisconnect
 0001:0007F1C8       DdeFreeDataHandle
 0001:0007F1E8       DdeFreeStringHandle
 0001:0007F1D0       DdeGetLastError
 0001:0007F168       DdeInitialize
 0001:000820D4       DdeMan
 0002:00009EA4       ddeMgr
 0001:0007FCEC       DdeMgrCallBack
 0001:0007F228       DDEml
 0001:0007F1A0       DdeNameService
 0001:0007F198       DdePostAdvise
 0001:0007F188       DdeQueryConvInfo
 0001:0007F1E0       DdeQueryString
 0001:0007F190       DdeSetUserHandle
 0001:0007F1C0       DdeUnaccessData
 0001:0007F170       DdeUninitialize
 0001:0001EFA4       DeallocateHWnd
 0002:0000002C       DebugHook
 0002:0000868B       DecimalSeparator
 0001:0008CA80       Decode2022JP
 0001:000095E0       DecodeDate
 0001:00009490       DecodeDateFully
 0001:0008C574       DecodeHeader
 0001:00009328       DecodeTime
 0002:00009B3C       decode_i
 0001:000008BC       Decommit
 0001:00000FE8       DecommitFree
 0002:000085FC       decommittedRoot
 0001:00098B54       DecompressZLIB
 0001:00091D1C       Decrypt
 0001:00059AD8       Default
 0001:000543C0       Default
 0002:00000024       Default8087CW
 0002:00000A64       DefaultDockTreeClass
 0002:000085C0       DefaultUserCodePage
 0002:000006D4       DefBrushData
 0002:00000454       DefFontData
 0001:00005F40       DefFrameProc
 0001:0005FAA4       deflate
 0001:000929E4       deflate
 0001:00092C9C       deflateEnd
 0001:0005FD28       deflateEnd
 0001:0005F410       DeflateInit
 0001:0005F5E8       DeflateInit2_
 0001:00092458       deflateInit_
 0001:0005F5CC       deflateInit_
 0002:00000210       DefLongDayNames
 0002:000001C4       DefLongMonthNames
 0001:00005F48       DefMDIChildProc
 0002:000006B4       DefPenData
 0002:000001F4       DefShortDayNames
 0002:00000194       DefShortMonthNames
 0001:00005F50       DefWindowProc
 0001:00004974       DelayLoadResourceModule
 0001:000004D8       DeleteBlock
 0001:000003E8       DeleteCriticalSection
 0001:00005A08       DeleteCriticalSection
 0001:00005CD8       DeleteDC
 0001:00005CE0       DeleteEnhMetaFile
 0001:00005A10       DeleteFile
 0001:00008168       DeleteFile
 0001:00000DD0       DeleteFree
 0001:00005F58       DeleteMenu
 0001:00063A6C       DeleteNode
 0001:00005CE8       DeleteObject
 0002:00008E68       Depth
 0001:000259CC       DeselectBitmap
 0002:0000A660       DesktopDC
 0001:00005F60       DestroyCursor
 0001:00005F68       DestroyIcon
 0001:0005C0B4       DestroyLocals
 0001:00005F70       DestroyMenu
 0001:00005F78       DestroyWindow
 0001:000355BC       DialogEnumerationTester
 0001:0003432C       Dialogs
 0002:00000710       DIBPalSizes
 0002:00000098       dig
 0001:000517D0       DisableTaskWindows
 0001:00082B2C       DispatchInvoke
 0001:00083124       DispatchInvokeError
 0001:00005F80       DispatchMessage
 0001:00057A20       DispatchShortCut
 0001:00083140       DispCall
 0001:00083224       DispCallByID
 0002:00008000       DispCallByIDProc
 0001:00083050       DispCallError
 0002:0000296C       DispIDArgs
 0001:0008AF00       DisplayMessage
 0002:0000295C       DispParams
 0001:0000766C       DivMod
 0001:00033CF4       Dlgs
 0001:0003DAEC       DoAlign
 0001:00058D50       DoAlign
 0002:00006C4C       DoAutoDither
 0001:00041BE0       DoCalcConstraints
 0002:00008AF8       DockSiteList
 0001:0004DFC4       DoClick
 0001:0003F238       DoControlMsg
 0001:000A250C       doCreateOptimizedPaletteFromSingleBitmap
 0001:00051780       DoDisableWindow
 0001:00038A98       DoDragOver
 0001:000076CC       DoExitProc
 0001:00043C18       DoFindControlZone
 0001:000518D4       DoFindWindow
 0001:000441A4       DoFindZone
 0001:00043C9C       DoForEach
 0001:000455CC       DoGetNextLimit
 0001:00051748       DoneApplication
 0001:0004632C       DoneControls
 0001:0000BB14       DoneExceptions
 0001:00055D9C       DoNestedActivation
 0001:0001D640       DoneThreadSynchronization
 0001:0005AE84       DoOnHelp
 0001:00058BA0       DoPosition
 0001:0003D6AC       DoPosition
 0001:00044BF4       DoPrune
 0001:000329E8       DoRect
 0001:000450CC       DoSaveZone
 0001:000452D0       DoSetNewBounds
 0002:000003C0       DotSep
 0001:00062CAC       DownHeap
 0001:000488AC       DoWrite
 0001:000187B0       DoWrite
 0001:0002375C       DoWrite
 0001:000245D8       DoWrite
 0001:0003E820       DoWriteDesignSize
 0001:0003C16C       DoWriteIsControl
 0002:00008ADC       DragCapture
 0002:00008AD0       DragControl
 0001:000391EC       DragDone
 0001:00038A40       DragFindTarget
 0001:00038A14       DragFindWindow
 0002:00008AF4       DragImageList
 0001:00038E44       DragInit
 0001:00038FB4       DragInitControl
 0002:00008AD8       DragInternalObject
 0001:0003895C       DragMessage
 0002:00008AD4       DragObject
 0002:00008B00       DragSave
 0002:00008AE8       DragSaveCursor
 0002:00008AE0       DragStartPos
 0002:00008AEC       DragThreshold
 0001:00038B74       DragTo
 0001:00059B14       DrawAppIcon
 0001:00044760       DrawCloseButton
 0001:00005F88       DrawEdge
 0001:00005F90       DrawFrameControl
 0001:000447B8       DrawGrabberLine
 0001:00005F98       DrawIcon
 0001:00005FA0       DrawIconEx
 0002:00000B98       DrawingStyles
 0001:00005FA8       DrawMenuBar
 0001:0004F3DC       DrawMenuItem
 0001:000A7A00       DrawMetafile
 0001:00005FB0       DrawText
 0002:00008990       DrawThemeBackground
 0002:000089B4       DrawThemeEdge
 0002:000089B8       DrawThemeIcon
 0002:00008A3C       DrawThemeParentBackground
 0002:00008994       DrawThemeText
 0001:000ACF4C       DrawTile
 0001:0009851C       DrawTransparentBitmap
 0001:0008A2F4       DropStream
 0001:0002256C       DupBits
 0001:00004720       DynArrayClear
 0001:00004728       DynArraySetLength
 0002:00000C84       EdgeStyle
 0002:00000B4C       EdgeStyles
 0001:0000B558       EHeapException.FreeInstance
 0001:00064A1C       EIdSocketError.CreateError
 0001:00064D2C       EIdWS2StubError.Build
 0001:00069AD0       EmitMessage
 0002:00000810       Empty
 0001:00005FB8       EmptyClipboard
 0002:00008800       EmptyParam
 0002:00009EE8       EmptyParam
 0002:000000C8       EmptyStr
 0002:000000CC       EmptyWideStr
 0001:00005FC0       EnableMenuItem
 0002:00000C1C       Enables
 0001:00005FC8       EnableScrollBar
 0001:00051884       EnableTaskWindows
 0002:00008A24       EnableThemeDialogTexture
 0002:00008A40       EnableTheming
 0001:00005FD0       EnableWindow
 0001:00063D10       Encode
 0001:00063258       EncodeC
 0001:00063278       EncodeP
 0001:000171D0       EndGlobalLoading
 0001:00005FD8       EndPaint
 0001:0000367C       EndThread
 0001:00005A18       EnterCriticalSection
 0001:000003D8       EnterCriticalSection
 0001:00005A20       EnumCalendarInfoA
 0001:00005FE0       EnumChildWindows
 0001:00005FE8       EnumClipboardFormats
 0002:00008924       EnumDisplayMonitors
 0001:0000AD5C       EnumEraNames
 0001:0000AD98       EnumEraYearOffsets
 0001:00054984       EnumMonitorsProc
 0001:00005FF0       EnumThreadWindows
 0001:0001ABB0       EnumValue
 0001:00005FF8       EnumWindows
 0001:0008242C       EOleException.Create
 0001:0008235C       EOleSysError.Create
 0001:00006000       EqualRect
 0002:00008754       EraNames
 0001:0000A4B4       EraToYear
 0002:00008770       EraYearOffsets
 0002:00000070       errCaption
 0001:0001A368       Error
 0001:00016724       Error
 0001:0009F348       Error
 0001:00049FC4       Error
 0001:00001C28       Error
 0002:00000004       ErrorAddr
 0001:00001BDC       ErrorAt
 0001:0000B604       ErrorHandler
 0002:0000022C       ErrorMap
 0002:00008008       ErrorProc
 0002:000083E8       ErrOutput
 0001:00001B68       ExceptAddr
 0002:0000800C       ExceptClsProc
 0001:0000BA80       ExceptHandler
 0001:0000B384       Exception.Create
 0001:0000B3C0       Exception.CreateFmt
 0001:0000B510       Exception.CreateHelp
 0001:0000B440       Exception.CreateRes
 0001:0000B47C       Exception.CreateResFmt
 0002:0000801C       ExceptionClass
 0001:0000B0F4       ExceptionErrorMessage
 0002:00000264       ExceptMap
 0001:00001B48       ExceptObject
 0002:00008010       ExceptObjProc
 0002:00008004       ExceptProc
 0001:00005CF0       ExcludeClipRect
 0002:00000000       ExitCode
 0001:0000344C       ExitDll
 0002:00008048       ExitProc
 0001:00000294       ExitProcess
 0002:00008028       ExitProcessProc
 0002:00000140       ExitProcList
 0001:0000028C       ExitThread
 0001:00008288       ExpandFileName
 0001:0005C9E4       ExtActns
 0001:00033C94       ExtCtrls
 0001:0005C1DC       ExtDlgs
 0002:000052F0       ExtendedVKeys
 0002:00006CF0       ExtensionList
 0001:00008240       ExtractFileExt
 0001:00008208       ExtractFileName
 0002:00008790       FalseBoolStrs
 0002:0000A684       fAzul
 0002:0000A68C       fBXb
 0002:0000A67C       fBXF
 0002:0000A6A8       fCliente
 0002:00008A94       FClipboard
 0002:00000174       FCon1E18
 0002:0000A0D8       FContentParsers
 0001:00067FC4       Fetch
 0001:00067EDC       FetchCaseInsensitive
 0002:00009D5C       FIdPorts
 0001:00008160       FileClose
 0001:000080A4       FileCreate
 0001:000080C8       FileCreate
 0002:00000708       FileFormats
 0002:0000000C       FileMode
 0001:0000804C       FileOpen
 0001:000080D0       FileRead
 0002:000003FC       FilerSignature
 0001:00008128       FileSeek
 0001:000080FC       FileWrite
 0001:00000F08       FillAfterGap
 0001:00000EA8       FillBeforeGap
 0001:00000FA8       FillerSizeAfterGap
 0001:00000F30       FillerSizeBeforeGap
 0001:00006008       FillRect
 0001:00014818       Finalization
 0001:0007EBDC       Finalization
 0001:0007EB58       Finalization
 0001:0007EACC       Finalization
 0001:0007EA38       Finalization
 0001:0007EC1C       Finalization
 0001:000144C0       Finalization
 0001:0007EC54       Finalization
 0001:0007EC8C       Finalization
 0001:0007E1EC       Finalization
 0001:0007ECC4       Finalization
 0001:0007ECFC       Finalization
 0001:0007DF54       Finalization
 0001:0007D8C0       Finalization
 0001:0007D660       Finalization
 0001:00013C88       Finalization
 0001:00013A24       Finalization
 0001:0007CC70       Finalization
 0001:0007ED34       Finalization
 0001:0007CC38       Finalization
 0001:0007ED6C       Finalization
 0001:0007CC00       Finalization
 0001:0007EE44       Finalization
 0001:0007CB10       Finalization
 0001:0007EF68       Finalization
 0001:0007EFCC       Finalization
 0001:0007F004       Finalization
 0001:0007F03C       Finalization
 0001:0007F104       Finalization
 0001:0007F1F8       Finalization
 0001:00082098       Finalization
 0001:00082160       Finalization
 0001:0000DDAC       Finalization
 0001:00083378       Finalization
 0001:00083450       Finalization
 0001:00084B98       Finalization
 0001:0000D3E4       Finalization
 0001:00084C44       Finalization
 0001:000880B0       Finalization
 0001:00088A28       Finalization
 0001:00088ED0       Finalization
 0001:00088F08       Finalization
 0001:00088F40       Finalization
 0001:0008AEC8       Finalization
 0001:0008B5E4       Finalization
 0001:0008BA40       Finalization
 0001:0008BD98       Finalization
 0001:000697D8       Finalization
 0001:00069788       Finalization
 0001:00069750       Finalization
 0001:0006908C       Finalization
 0001:00069054       Finalization
 0001:00068D60       Finalization
 0001:0008C188       Finalization
 0001:0008C1C0       Finalization
 0001:0008C1F8       Finalization
 0001:00068C84       Finalization
 0001:0008C230       Finalization
 0001:0008C268       Finalization
 0001:00068C4C       Finalization
 0001:0008C384       Finalization
 0001:00068C14       Finalization
 0001:00068BDC       Finalization
 0001:0008C4B4       Finalization
 0001:00068BA4       Finalization
 0001:00068B6C       Finalization
 0001:00068AFC       Finalization
 0001:000686E8       Finalization
 0001:000683FC       Finalization
 0001:0006815C       Finalization
 0001:0008CC30       Finalization
 0001:0008D2E8       Finalization
 0001:00067B90       Finalization
 0001:0008D798       Finalization
 0001:00067B20       Finalization
 0001:00006A10       Finalization
 0001:00066A28       Finalization
 0001:000066F8       Finalization
 0001:000066C0       Finalization
 0001:00065E3C       Finalization
 0001:0008EA28       Finalization
 0001:00065DC0       Finalization
 0001:0008EB00       Finalization
 0001:00064C7C       Finalization
 0001:0008F198       Finalization
 0001:00064A64       Finalization
 0001:0008F458       Finalization
 0001:000648C4       Finalization
 0001:0008FCF4       Finalization
 0001:0008FF40       Finalization
 0001:0006488C       Finalization
 0001:0008FFA4       Finalization
 0001:0009097C       Finalization
 0001:000909F4       Finalization
 0001:00090A2C       Finalization
 0001:000647B4       Finalization
 0001:00091C48       Finalization
 0001:00091CAC       Finalization
 0001:00091CE4       Finalization
 0001:00091DAC       Finalization
 0001:00091E44       Finalization
 0001:00092130       Finalization
 0001:00092168       Finalization
 0001:00064280       Finalization
 0001:00062A44       Finalization
 0001:0005F214       Finalization
 0001:0005C9EC       Finalization
 0001:0005C994       Finalization
 0001:0005C93C       Finalization
 0001:0005C8D8       Finalization
 0001:0005C1FC       Finalization
 0001:0005C1AC       Finalization
 0001:0005C14C       Finalization
 0001:0005C07C       Finalization
 0001:0001EFD0       Finalization
 0001:0001F3FC       Finalization
 0001:0005C044       Finalization
 0001:00097738       Finalization
 0001:00097800       Finalization
 0001:0005C00C       Finalization
 0001:0005BFD4       Finalization
 0001:0005BE88       Finalization
 0001:0004F6BC       Finalization
 0001:00049024       Finalization
 0001:000478F4       Finalization
 0001:00046580       Finalization
 0001:000058A0       Finalization
 0001:0009E2A0       Finalization
 0001:0009E36C       Finalization
 0001:00005828       Finalization
 0001:000055E0       Finalization
 0001:00035834       Finalization
 0001:00034BB0       Finalization
 0001:00034A48       Finalization
 0001:000349B4       Finalization
 0001:000AD4C8       Finalization
 0001:000342D0       Finalization
 0001:000ADD50       Finalization
 0001:000AE834       Finalization
 0001:00033CC4       Finalization
 0001:00033C4C       Finalization
 0001:000AF25C       Finalization
 0001:000B0878       Finalization
 0001:00031884       Finalization
 0001:0003184C       Finalization
 0001:00031814       Finalization
 0001:000317DC       Finalization
 0001:000317A4       Finalization
 0001:00028B50       Finalization
 0001:000B1598       Finalization
 0001:00028D30       Finalization
 0001:0003176C       Finalization
 0001:00031734       Finalization
 0001:000B202C       Finalization
 0001:000B2848       Finalization
 0001:000B31A0       Finalization
 0001:0002C578       Finalization
 0001:0002BAD0       Finalization
 0001:000292B0       Finalization
 0001:00029448       Finalization
 0001:00029BD4       Finalization
 0001:00029C14       Finalization
 0001:0002ABFC       Finalization
 0001:0002AC44       Finalization
 0001:0002AC7C       Finalization
 0001:0002AFA0       Finalization
 0001:000B76C8       Finalization
 0001:000B772C       Finalization
 0001:0002B14C       Finalization
 0001:00004718       FinalizeArray
 0001:00003260       FinalizeUnits
 0001:0004DD84       Find
 0001:00004A04       FindBS
 0001:00016C40       FindClass
 0001:0000496C       FindClassHInstance
 0001:000002A4       FindClose
 0001:00000E64       FindCommitted
 0001:00037B28       FindControl
 0001:000443D0       FindControlAtPos
 0001:00013934       FindCustomVariantType
 0001:0001387C       FindCustomVariantType
 0001:00039510       FindDragTarget
 0001:0008C524       FindEncodingStart
 0001:0001B5AC       FindExistingComponent
 0001:000002AC       FindFirstFile
 0001:000519E0       FindGlobalComponent
 0001:00017060       FindGlobalComponent
 0002:00008864       FindGlobalComponentProcs
 0001:00004944       FindHInstance
 0001:00016F08       FindIdentToInt
 0002:00008A88       FindMsg
 0001:0001A728       FindNestedComponent
 0001:00049F8C       FindPopupControl
 0001:0000DA68       FindProc
 0001:00005A28       FindResource
 0001:000049BC       FindResourceHInstance
 0001:0005B6B8       FindScanline
 0001:00051938       FindTopMostWindow
 0001:0001C4A4       FindUniqueName
 0001:000394DC       FindVCLWindow
 0001:00006010       FindWindow
 0001:00006018       FindWindowEx
 0001:00035614       FindWinHelp
 0001:000AAB50       FireEvent
 0002:0000A66C       fIT_ALie
 0001:00025DC4       FixupBitFields
 0002:0000A674       fI_TALieJ
 0002:00000C94       Flags
 0002:000087A0       FLanguages
 0001:0002AFD0       FlatSB
 0002:00008950       FlatSB_EnableScrollBar
 0002:0000895C       FlatSB_GetScrollInfo
 0002:00008960       FlatSB_GetScrollPos
 0002:00008958       FlatSB_GetScrollRange
 0002:00008968       FlatSB_SetScrollInfo
 0002:00008964       FlatSB_SetScrollPos
 0001:0002ACC0       FlatSB_SetScrollProp
 0002:0000896C       FlatSB_SetScrollRange
 0002:00008954       FlatSB_ShowScrollBar
 0001:00008E44       FloatToDecimal
 0001:00009184       FloatToStr
 0001:00008B70       FloatToText
 0001:00002008       Flush
 0002:00000188       FMSecsPerDay
 0001:00008A64       FmtStr
 0002:00000CB0       FocusCount
 0002:00000CAC       FocusMessages
 0001:0007CDD8       FoldWrapText
 0002:00000624       FontCharsets
 0002:000088E0       FontManager
 0001:000854D0       FontToOleFont
 0001:000519B4       ForegroundTask
 0002:00000190       Format
 0001:00008A50       Format
 0001:00008640       FormatBuf
 0001:00008634       FormatClearStr
 0001:000085B8       FormatError
 0002:0000016C       FormatErrorStrs
 0001:00069AD8       FormatMessage
 0001:00005A30       FormatMessage
 0001:00008610       FormatVarToStr
 0001:0005BEE4       Forms
 0001:000023BC       FPower10
 0002:00000760       FPrinter
 0001:00032AAC       Frame3D
 0001:00006020       FrameRect
 0001:0000CFC4       FreeAndNil
 0001:0009892C       FreeChunkClassList
 0001:00000B64       FreeCommitted
 0001:0000119C       FreeCurAlloc
 0001:000395D0       FreeDeviceContext
 0001:0003968C       FreeDeviceContexts
 0001:0001ED60       FreeIntConstList
 0001:00005A38       FreeLibrary
 0001:000002B4       FreeLibrary
 0001:00085918       FreeList
 0001:00063F58       FreeMemory
 0001:00025920       FreeMemoryContexts
 0001:0001EECC       FreeObjectInstance
 0001:00005A58       FreeResource
 0001:00000734       FreeSpace
 0001:0000CAC4       FreeTerminateProcs
 0001:0002B184       FreeThemeLibrary
 0002:00008E5C       Freq
 0002:00008BDC       FRichEditModule
 0002:0000A6A0       fSNTJLie
 0002:0000A694       fSNTLie
 0002:0000A234       fSOBRE
 0001:00091DDC       funcs2013
 0002:0000A664       fVerMPF
 0002:00001F70       GAntiFreeze
 0002:000028A4       GBase64CodeTable
 0002:00009DC0       GBase64DecodeTable
 0001:0002255C       GDICheck
 0001:0009F254       GDICheck
 0001:000224B4       GDIError
 0001:00005CF8       GdiFlush
 0001:00001F54       Get8087CW
 0002:00009D0C       GetAcceptExSockaddrs
 0001:00005A60       GetACP
 0001:000147FC       GetActiveObject
 0001:00006028       GetActiveWindow
 0001:0005922C       GetAnimation
 0001:000A9834       GetAppExtensionList
 0001:0008E218       GetAttachmentFilename
 0001:00005D00       GetBitmapBits
 0001:000003F0       GetBlockDesc
 0001:00005D08       GetBrushOrgEx
 0001:000064D8       GetBValue
 0001:0009DBE8       GetByteArrayPixel
 0001:00006030       GetCapture
 0001:00037DF0       GetCaptureControl
 0001:00016BEC       GetClass
 0001:00006038       GetClassInfo
 0001:00006040       GetClassName
 0001:00006048       GetClientRect
 0001:00006050       GetClipboardData
 0001:00023FF8       GetClipboardFormats
 0001:00005D10       GetClipBox
 0001:0000038C       GetCmdShow
 0001:00047AC4       GetColor
 0001:000002BC       GetCommandLine
 0001:00000978       GetCommitted
 0001:00000A20       GetCommittedAt
 0001:00005A70       GetComputerName
 0001:0003EDEC       GetControlAtPos
 0001:000096EC       GetCount
 0001:00005A68       GetCPInfo
 0001:00005D18       GetCurrentPositionEx
 0001:00005A78       GetCurrentProcessId
 0002:00008A34       GetCurrentThemeName
 0001:00005A80       GetCurrentThreadId
 0001:0000036C       GetCurrentThreadId
 0001:0000644C       GetCurrentTime
 0001:00006058       GetCursor
 0001:0005B6C8       GetCursorHeightMargin
 0001:00006060       GetCursorPos
 0001:0000971C       GetDate
 0001:00005A88       GetDateFormat
 0001:0000A3CC       GetDateOrder
 0001:00006068       GetDC
 0001:00006070       GetDCEx
 0001:00005D20       GetDCOrgEx
 0001:00028758       GetDefFontCharSet
 0001:00017DE4       GetDesigner
 0001:00006078       GetDesktopWindow
 0001:00005D38       GetDeviceCaps
 0001:000234EC       GetDIB
 0001:00005D28       GetDIBColorTable
 0001:00005D30       GetDIBits
 0001:00023434       GetDIBSizes
 0001:000226CC       GetDInColors
 0001:00005A90       GetDiskFreeSpaceA
 0002:0000013C       GetDiskFreeSpaceEx
 0001:000456AC       GetDockAlign
 0001:000387A0       GetDockSiteAtPos
 0001:00038AD4       GetDropCtl
 0001:00002A4C       GetDynaMethod
 0001:00005D40       GetEnhMetaFileBits
 0001:00005D48       GetEnhMetaFileDescription
 0001:00005D50       GetEnhMetaFileHeader
 0001:00005D58       GetEnhMetaFilePaletteEntries
 0001:00013CF8       GetEnumNameValue
 0001:00013D44       GetEnumValue
 0001:0000AE10       GetEraNamesAndYearOffsets
 0001:0000A460       GetEraYearOffset
 0001:00014804       GetErrorInfo
 0001:0000B7C8       GetExceptionClass
 0001:0000B9B4       GetExceptionObject
 0001:00005A98       GetExitCodeThread
 0001:000A90A8       GetExtensionList
 0001:00067080       GetFDSet
 0001:00016B74       GetFieldClassTable
 0001:00023FD8       GetFileFormats
 0001:00005AA0       GetFileSize
 0001:0000BC24       GetFileVersion
 0001:00005C48       GetFileVersionInfo
 0001:00005C50       GetFileVersionInfoSize
 0001:00006080       GetFocus
 0001:00083938       GetFontAccess
 0001:00020FE0       GetFontData
 0001:00006088       GetForegroundWindow
 0001:0000C538       GetFormatSettings
 0001:00005AA8       GetFullPathName
 0001:0009DF00       GetGrayLinePixel
 0001:000064D4       GetGValue
 0001:00020528       GetHashCode
 0001:00056778       GetHelpInfo
 0001:0002A094       GetHelpSystem
 0001:00059010       GetHint
 0001:00059048       GetHintControl
 0002:00009BB4       gethostbyaddr
[...]
   204 0001:000B0620   205 0001:000B062A   206 0001:000B0638   208 0001:000B0653
   209 0001:000B0660   210 0001:000B066E   212 0001:000B0673   213 0001:000B06C5
   214 0001:000B06D3   215 0001:000B06DE   217 0001:000B06EB   219 0001:000B072F
   222 0001:000B0754   224 0001:000B076C   226 0001:000B077E   227 0001:000B078E
   228 0001:000B0798   229 0001:000B07A6   230 0001:000B07D0   232 0001:000B07DD
   234 0001:000B07E8   236 0001:000B081F   239 0001:000B0830   240 0001:000B0833
   241 0001:000B0841   244 0001:000B0844   245 0001:000B0847   246 0001:000B0855
   249 0001:000B0858   250 0001:000B085C   251 0001:000B0873   253 0001:000B08A8
   253 0001:000B08AF

Line numbers for uAzul(Fakes\Azul\uAzul.pas) segment .text

    94 0001:000B0E50    95 0001:000B0E53    96 0001:000B0E59    97 0001:000B0E66
   101 0001:000B0E68   102 0001:000B0E74   103 0001:000B0E77   107 0001:000B0E78
   108 0001:000B0E84   109 0001:000B0E87   114 0001:000B0E88   119 0001:000B0E8C
   120 0001:000B0E98   121 0001:000B0E9B   125 0001:000B0E9C   126 0001:000B0E9F
   129 0001:000B0EA0   130 0001:000B0EA3   131 0001:000B0EA9   132 0001:000B0EB6
   135 0001:000B0EB8   136 0001:000B0EBB   137 0001:000B0EC7   138 0001:000B0ED2
   139 0001:000B0EE4   142 0001:000B0EE8   143 0001:000B0EFF   144 0001:000B0F43
   147 0001:000B0F54   148 0001:000B0F6E   149 0001:000B0F7E   150 0001:000B0F88
   151 0001:000B0F96   153 0001:000B0FB1   155 0001:000B0FBF   157 0001:000B0FC1
   158 0001:000B0FFA   159 0001:000B1008   160 0001:000B1040   164 0001:000B1060
   165 0001:000B106C   168 0001:000B1070   169 0001:000B1087   170 0001:000B10CB
   173 0001:000B10DC   174 0001:000B10F3   175 0001:000B1137   178 0001:000B1148
   179 0001:000B115F   180 0001:000B11A3   183 0001:000B11B4   184 0001:000B11CB
   185 0001:000B120F   188 0001:000B1220   189 0001:000B123A   190 0001:000B124A
   191 0001:000B1254   192 0001:000B1262   194 0001:000B127D   197 0001:000B128B
   199 0001:000B128D   200 0001:000B12C6   201 0001:000B12D4   202 0001:000B130C
   205 0001:000B1330   206 0001:000B1333   207 0001:000B1343   208 0001:000B134D
   209 0001:000B135B   210 0001:000B1366   213 0001:000B1368   214 0001:000B136B
   215 0001:000B1379   218 0001:000B137C   219 0001:000B1393   220 0001:000B13D7
   223 0001:000B13E8   224 0001:000B13FF   225 0001:000B1443   228 0001:000B1454
   229 0001:000B146B   230 0001:000B14AF   233 0001:000B14C0   234 0001:000B14D7
   235 0001:000B151B   238 0001:000B152C   239 0001:000B1543   240 0001:000B1587
   242 0001:000B15C8   242 0001:000B15CF

Line numbers for uBrB(Fakes\Brb\uBrB.pas) segment .text

    68 0001:000B1A08    69 0001:000B1A0B    70 0001:000B1A11    71 0001:000B1A1E
    75 0001:000B1A20    76 0001:000B1A2C    77 0001:000B1A2F    81 0001:000B1A30
    82 0001:000B1A3C    83 0001:000B1A3F    88 0001:000B1A40    93 0001:000B1A44
    94 0001:000B1A50    95 0001:000B1A53    99 0001:000B1A54   100 0001:000B1A57
   103 0001:000B1A58   104 0001:000B1A5B   105 0001:000B1A61   106 0001:000B1A6E
   109 0001:000B1A70   110 0001:000B1A73   111 0001:000B1A7F   112 0001:000B1A8A
   113 0001:000B1A9C   116 0001:000B1AA0   117 0001:000B1AB7   118 0001:000B1AFB
   136 0001:000B1B0C   140 0001:000B1B10   141 0001:000B1B1C   144 0001:000B1B20
   145 0001:000B1B37   146 0001:000B1B7B   149 0001:000B1B8C   150 0001:000B1BA3
   151 0001:000B1BE7   154 0001:000B1BF8   155 0001:000B1C0F   156 0001:000B1C53
   159 0001:000B1C64   160 0001:000B1C7B   161 0001:000B1CBF   164 0001:000B1CD0
   165 0001:000B1CEA   166 0001:000B1CFA   167 0001:000B1D04   168 0001:000B1D12
   170 0001:000B1D2D   173 0001:000B1D3B   175 0001:000B1D3D   176 0001:000B1D76
   177 0001:000B1D84   178 0001:000B1DBC   181 0001:000B1DD8   182 0001:000B1DDB
   183 0001:000B1DEB   184 0001:000B1DF5   185 0001:000B1E03   186 0001:000B1E0E
   189 0001:000B1E10   190 0001:000B1E27   191 0001:000B1E6B   194 0001:000B1E7C
   195 0001:000B1E93   196 0001:000B1ED7   199 0001:000B1EE8   200 0001:000B1EFF
   201 0001:000B1F43   204 0001:000B1F54   205 0001:000B1F6B   206 0001:000B1FAF
   209 0001:000B1FC0   210 0001:000B1FD7   211 0001:000B201B   213 0001:000B205C
   213 0001:000B2063

Line numbers for uPSNT(Fakes\Santa\uPSNT.pas) segment .text

    70 0001:000B2478    71 0001:000B247B    72 0001:000B2481    73 0001:000B248E
    76 0001:000B2490    77 0001:000B24A3    78 0001:000B24DE    82 0001:000B24F4
    83 0001:000B24FF    86 0001:000B2500    87 0001:000B251A    88 0001:000B252A
    89 0001:000B2534    90 0001:000B2542    92 0001:000B255D    93 0001:000B256B
    94 0001:000B257B    95 0001:000B258E    98 0001:000B2590    99 0001:000B25E2
   100 0001:000B261F   103 0001:000B2678   104 0001:000B267B   105 0001:000B2689
   108 0001:000B268C   109 0001:000B268F   110 0001:000B269F   111 0001:000B26A9
   112 0001:000B26B7   113 0001:000B26C2   116 0001:000B26C4   117 0001:000B26DE
   118 0001:000B26EE   119 0001:000B26F8   120 0001:000B2706   122 0001:000B2721
   123 0001:000B272F   124 0001:000B273F   125 0001:000B2752   128 0001:000B2754
   129 0001:000B27A6   130 0001:000B27E3   133 0001:000B2834   134 0001:000B2837
   135 0001:000B2845   137 0001:000B2884   137 0001:000B288B

Line numbers for uPSNTJ(Fakes\Santa\uPSNTJ.pas) segment .text

    66 0001:000B2C6C    67 0001:000B2C6F    68 0001:000B2C75    69 0001:000B2C82
    73 0001:000B2C84    74 0001:000B2C8F    77 0001:000B2C90    78 0001:000B2C93
    79 0001:000B2CA1    82 0001:000B2CA4    83 0001:000B2CBE    84 0001:000B2CCE
    85 0001:000B2CD8    86 0001:000B2CE6    88 0001:000B2D01    89 0001:000B2D0F
    96 0001:000B2D1F    97 0001:000B2D71    98 0001:000B2D7F   100 0001:000B2DBC
   103 0001:000B2DE4   104 0001:000B2DE7   105 0001:000B2DF7   106 0001:000B2E01
   107 0001:000B2E0F   108 0001:000B2E1A   111 0001:000B2E1C   112 0001:000B2E20
   113 0001:000B2E41   114 0001:000B2E62   117 0001:000B2E68   118 0001:000B2E89
   119 0001:000B2E99   120 0001:000B2EA3   121 0001:000B2EB1   123 0001:000B2ECC
   124 0001:000B2EE8   125 0001:000B2F2E   127 0001:000B2F33   129 0001:000B2F4D
   130 0001:000B2F69   131 0001:000B2FAF   133 0001:000B2FB1   134 0001:000B3005
   135 0001:000B305C   137 0001:000B31D0   137 0001:000B31D7

Line numbers for Conectar(Conectar.pas) segment .text

   278 0001:000B3684   280 0001:000B369B   282 0001:000B36AD   285 0001:000B36BB
   286 0001:000B36C7   287 0001:000B36D5   288 0001:000B36E4   289 0001:000B36EB
   292 0001:000B36F5   294 0001:000B3724   299 0001:000B3780   302 0001:000B3787
   304 0001:000B3799   305 0001:000B37A8   306 0001:000B37B6   307 0001:000B37C3
   309 0001:000B37D6   310 0001:000B37E5   313 0001:000B37FA   316 0001:000B380A
   318 0001:000B381C   327 0001:000B386C   330 0001:000B3877   332 0001:000B3889
   333 0001:000B388D   335 0001:000B3895   336 0001:000B38A4   339 0001:000B38B3
   340 0001:000B38C1   341 0001:000B38CB   342 0001:000B38D4   343 0001:000B38DD
   345 0001:000B38E9   348 0001:000B38FB   349 0001:000B3909   350 0001:000B3910
   351 0001:000B391A   354 0001:000B392B   355 0001:000B3933   358 0001:000B3943
   360 0001:000B3958   364 0001:000B3960   366 0001:000B397D   368 0001:000B398F
   369 0001:000B399D   371 0001:000B39B0   372 0001:000B39C0   373 0001:000B39D0
   374 0001:000B39E0   375 0001:000B39F0   376 0001:000B3A00   377 0001:000B3A23
   378 0001:000B3A4C   379 0001:000B3A6E   380 0001:000B3A7E   381 0001:000B3A93
   383 0001:000B3AA5   387 0001:000B3AC4   388 0001:000B3AD4   389 0001:000B3AE4
   390 0001:000B3AF4   391 0001:000B3B04   392 0001:000B3B14   395 0001:000B3B3C
   398 0001:000B3B70   401 0001:000B3BA8   403 0001:000B3BAB   405 0001:000B3BBD
   406 0001:000B3BDD   407 0001:000B3BEA   408 0001:000B3BF7   409 0001:000B3C04
   410 0001:000B3C11   411 0001:000B3C1E   412 0001:000B3C2B   413 0001:000B3C38
   416 0001:000B3C45   418 0001:000B3C57   422 0001:000B3C74   424 0001:000B3C7A
   426 0001:000B3C8C   427 0001:000B3CAC   428 0001:000B3CB3   429 0001:000B3CC0
   430 0001:000B3CCD   431 0001:000B3CDA   432 0001:000B3CE7   433 0001:000B3CF4
   434 0001:000B3D01   435 0001:000B3D0E   437 0001:000B3D1B   439 0001:000B3D2D
   442 0001:000B3D50   444 0001:000B3D56   446 0001:000B3D68   447 0001:000B3D7C
   450 0001:000B3D90   451 0001:000B3DA4   455 0001:000B3DB8   456 0001:000B3DC9
   458 0001:000B3DDA   459 0001:000B3DEB   461 0001:000B3DFC   462 0001:000B3E0D
   464 0001:000B3E1E   465 0001:000B3E25   466 0001:000B3E45   468 0001:000B3E52
   469 0001:000B3E5F   470 0001:000B3E6C   471 0001:000B3E79   472 0001:000B3E86
   474 0001:000B3E93   477 0001:000B3E9F   479 0001:000B3EB1   483 0001:000B3EE0
   484 0001:000B3EE3   485 0001:000B3EEA   496 0001:000B3EF0   499 0001:000B3EFF
   501 0001:000B3F11   502 0001:000B3F19   504 0001:000B3F20   505 0001:000B3F35
   506 0001:000B3F48   508 0001:000B3F66   509 0001:000B3F6C   510 0001:000B3F75
   511 0001:000B3F84   513 0001:000B3F8A   515 0001:000B3F96   516 0001:000B3FA2
   518 0001:000B3FAA   519 0001:000B3FAF   520 0001:000B3FB2   521 0001:000B3FB5
   513 0001:000B3FB8   524 0001:000B3FBB   525 0001:000B3FC2   528 0001:000B3FD0
   530 0001:000B3FE2   533 0001:000B3FE8   535 0001:000B4009   537 0001:000B401B
   539 0001:000B4025   542 0001:000B4038   543 0001:000B4049   545 0001:000B405A
   546 0001:000B406B   548 0001:000B407C   549 0001:000B408D   551 0001:000B409B
   553 0001:000B40A2   556 0001:000B40AC   559 0001:000B40B5   560 0001:000B40CA
   562 0001:000B40DD   566 0001:000B4100   568 0001:000B410D   571 0001:000B411B
   572 0001:000B4127   574 0001:000B412E   576 0001:000B4139   577 0001:000B4149
   579 0001:000B415D   582 0001:000B4163   585 0001:000B4176   588 0001:000B4184
   589 0001:000B418D   591 0001:000B41A5   593 0001:000B41BB   594 0001:000B41C9
   595 0001:000B41D5   596 0001:000B41DC   597 0001:000B41E7   599 0001:000B41F7
   601 0001:000B420B   604 0001:000B4211   608 0001:000B4220   609 0001:000B422B
   612 0001:000B423E   614 0001:000B4272   621 0001:000B42B8   623 0001:000B42E3
   625 0001:000B42F5   627 0001:000B4300   629 0001:000B4310   630 0001:000B4329
   633 0001:000B43A6   634 0001:000B43B7   636 0001:000B4434   637 0001:000B4445
   644 0001:000B4455   646 0001:000B446A   647 0001:000B4486   649 0001:000B44B5
   650 0001:000B44C3   651 0001:000B44E1   652 0001:000B44EA   654 0001:000B450F
   656 0001:000B4541   660 0001:000B4569   662 0001:000B4598   663 0001:000B45A6
   664 0001:000B45C4   665 0001:000B45CD   667 0001:000B45F2   669 0001:000B4624
   673 0001:000B464C   675 0001:000B467B   676 0001:000B469B   677 0001:000B46A9
   678 0001:000B46C7   679 0001:000B46D0   681 0001:000B46F5   683 0001:000B4727
   687 0001:000B474F   689 0001:000B477E   690 0001:000B47A4   691 0001:000B47B2
   692 0001:000B47D0   693 0001:000B47D9   695 0001:000B4804   697 0001:000B483C
   701 0001:000B486A   703 0001:000B488E   704 0001:000B489C   705 0001:000B48BA
   706 0001:000B48C3   708 0001:000B48EE   710 0001:000B4926   714 0001:000B4954
   716 0001:000B498F   717 0001:000B499D   718 0001:000B49BB   719 0001:000B49C4
   721 0001:000B49EF   723 0001:000B4A27   727 0001:000B4A55   729 0001:000B4A90
   730 0001:000B4A9E   731 0001:000B4ABC   732 0001:000B4AC5   734 0001:000B4AF0
   736 0001:000B4B28   740 0001:000B4B56   742 0001:000B4B7A   743 0001:000B4B88
   744 0001:000B4BA6   745 0001:000B4BAF   747 0001:000B4BDA   749 0001:000B4C12
   754 0001:000B4C40   758 0001:000B4CE9   759 0001:000B4CF7   760 0001:000B4D15
   761 0001:000B4D1E   763 0001:000B4D49   765 0001:000B4D81   773 0001:000B4DAF
   775 0001:000B4DC4   777 0001:000B4DE0   778 0001:000B4E17   780 0001:000B4E29
   781 0001:000B4E4D   783 0001:000B4E5F   785 0001:000B4E83   786 0001:000B4EA9
   789 0001:000B4EBB   791 0001:000B4EDF   792 0001:000B4F05   795 0001:000B4F17
   796 0001:000B4F26   798 0001:000B4F38   799 0001:000B4F5C   801 0001:000B4F6E
   802 0001:000B4F92   807 0001:000B4FA4   809 0001:000B4FB5   810 0001:000B4FD1
   811 0001:000B4FE0   814 0001:000B4FF2   816 0001:000B5003   817 0001:000B501F
   829 0001:000B503B   831 0001:000B504C   832 0001:000B5068   833 0001:000B508E
   836 0001:000B50A0   838 0001:000B50B5   839 0001:000B50D0   840 0001:000B50EC
   841 0001:000B5107   842 0001:000B5143   845 0001:000B5155   847 0001:000B5166
   848 0001:000B5182   849 0001:000B5197   852 0001:000B51A9   854 0001:000B51BA
   855 0001:000B51D6   858 0001:000B51E8   860 0001:000B51F9   861 0001:000B5215
   872 0001:000B5227   874 0001:000B5238   875 0001:000B5254   876 0001:000B5269
   879 0001:000B527B   881 0001:000B528C   882 0001:000B52A8   885 0001:000B52BA
   887 0001:000B52CB   888 0001:000B52E7   889 0001:000B52FC   892 0001:000B530E
   894 0001:000B531F   895 0001:000B533B   896 0001:000B5366   901 0001:000B5378
   903 0001:000B5389   904 0001:000B53B0   907 0001:000B53B7   909 0001:000B53CC
   910 0001:000B53DC   911 0001:000B53EC   912 0001:000B53FC   915 0001:000B5409
   917 0001:000B541B   918 0001:000B5429   919 0001:000B5430   920 0001:000B5446
   921 0001:000B545C   922 0001:000B5472   923 0001:000B5488   924 0001:000B549E
   925 0001:000B54B4   926 0001:000B54CA   927 0001:000B54E0   928 0001:000B54EE
   932 0001:000B550D   934 0001:000B5515   937 0001:000B5527   938 0001:000B553A
   941 0001:000B554A   943 0001:000B555B   944 0001:000B556B   945 0001:000B557B
   946 0001:000B558B   950 0001:000B55A3   952 0001:000B55B2   953 0001:000B55C0
   956 0001:000B55D0   958 0001:000B55E5   960 0001:000B55F0   961 0001:000B560F
   963 0001:000B5640   964 0001:000B565F   969 0001:000B5690   973 0001:000B5697
   975 0001:000B56AC   977 0001:000B56B7   978 0001:000B56D6   980 0001:000B5707
   981 0001:000B5726   983 0001:000B5757   984 0001:000B5760   987 0001:000B5784
   988 0001:000B578B  1002 0001:000B579A  1004 0001:000B57AF  1006 0001:000B57BA
  1007 0001:000B57D9  1009 0001:000B580A  1010 0001:000B5829  1012 0001:000B585A
  1013 0001:000B5863  1016 0001:000B5885  1017 0001:000B588C  1021 0001:000B589B
  1023 0001:000B58B0  1025 0001:000B58BB  1026 0001:000B58DA  1028 0001:000B590B
  1029 0001:000B592A  1031 0001:000B595B  1032 0001:000B5964  1035 0001:000B5986
  1036 0001:000B598D  1041 0001:000B599C  1043 0001:000B59B1  1045 0001:000B59BC
  1046 0001:000B59DB  1048 0001:000B5A0C  1049 0001:000B5A2B  1051 0001:000B5A5C
  1052 0001:000B5A65  1055 0001:000B5A87  1056 0001:000B5A8E  1085 0001:000B5A9D
  1088 0001:000B5B23  1091 0001:000B5E88  1093 0001:000B5E8B  1095 0001:000B5E9D
  1096 0001:000B5EA7  1099 0001:000B5EB3  1101 0001:000B5EC5  1105 0001:000B5EDC
  1106 0001:000B5EDF  1107 0001:000B5EE6  1122 0001:000B5EEC  1124 0001:000B5F0F
  1126 0001:000B5F21  1127 0001:000B5F2B  1129 0001:000B5F38  1132 0001:000B5F47
  1133 0001:000B5F61  1134 0001:000B5F6B  1136 0001:000B5F8A  1139 0001:000B5F99
  1140 0001:000B5FB3  1141 0001:000B5FBD  1143 0001:000B5FDC  1146 0001:000B5FEB
  1147 0001:000B6005  1148 0001:000B600F  1150 0001:000B602E  1153 0001:000B603D
  1154 0001:000B6057  1155 0001:000B6061  1157 0001:000B6080  1159 0001:000B608F
  1160 0001:000B60A9  1162 0001:000B60C8  1164 0001:000B60D7  1165 0001:000B60F1
  1167 0001:000B610D  1170 0001:000B6148  1171 0001:000B6162  1200 0001:000B617C
  1202 0001:000B618F  1203 0001:000B6194  1204 0001:000B61A2  1205 0001:000B61B8
  1206 0001:000B61C8  1208 0001:000B61DF  1209 0001:000B61F9  1214 0001:000B621A
  1216 0001:000B622D  1217 0001:000B624E  1214 0001:000B624F  1226 0001:000B6254
  1227 0001:000B6263  1231 0001:000B626D  1233 0001:000B629C  1236 0001:000B6334
  1238 0001:000B6337  1240 0001:000B6349  1241 0001:000B6353  1244 0001:000B635F
  1245 0001:000B6371  1250 0001:000B638C  1252 0001:000B639E  1253 0001:000B63AA
  1256 0001:000B63B3  1258 0001:000B63C5  1261 0001:000B63C8  1262 0001:000B63CB
  1263 0001:000B63D8  1264 0001:000B63E5  1265 0001:000B63F2  1266 0001:000B63FF
  1267 0001:000B640C  1268 0001:000B642C  1271 0001:000B6448  1272 0001:000B644B
  1273 0001:000B6454  1276 0001:000B645D  1277 0001:000B646A  1278 0001:000B6477
  1280 0001:000B6484  1284 0001:000B6488  1285 0001:000B648D  1292 0001:000B6490
  1294 0001:000B6495  1296 0001:000B64A7  1297 0001:000B64AE  1298 0001:000B64B6
  1299 0001:000B64BF  1300 0001:000B64CF  1302 0001:000B64D5  1304 0001:000B64E7
  1307 0001:000B64EC  1309 0001:000B6517  1312 0001:000B6529  1314 0001:000B654A
  1315 0001:000B6558  1318 0001:000B6573  1321 0001:000B65B5  1322 0001:000B65C3
  1325 0001:000B65DE  1328 0001:000B6620  1329 0001:000B662E  1332 0001:000B6649
  1338 0001:000B66F2  1339 0001:000B6700  1342 0001:000B671B  1345 0001:000B675D
  1346 0001:000B676B  1350 0001:000B6786  1354 0001:000B67E9  1355 0001:000B67F7
  1358 0001:000B6812  1362 0001:000B6875  1363 0001:000B6883  1367 0001:000B689E
  1370 0001:000B68E0  1371 0001:000B68EE  1374 0001:000B68FA  1377 0001:000B693C
  1378 0001:000B694A  1382 0001:000B6956  1385 0001:000B698A  1388 0001:000B6DB4
  1390 0001:000B6DD5  1392 0001:000B6DE7  1397 0001:000B6DF5  1399 0001:000B6E03
  1400 0001:000B6E10  1401 0001:000B6E27  1402 0001:000B6E31  1403 0001:000B6E3D
  1408 0001:000B6E46  1409 0001:000B6E58  1411 0001:000B6E68  1414 0001:000B6E77
  1417 0001:000B6EA6  1422 0001:000B6ECC  1424 0001:000B6EF3  1426 0001:000B6F05
  1427 0001:000B6F13  1428 0001:000B6F21  1429 0001:000B6F2D  1430 0001:000B6F3B
  1431 0001:000B6F57  1433 0001:000B6F5B  1435 0001:000B6F5D  1437 0001:000B6F93
  1440 0001:000B6FC4  1442 0001:000B6FC7  1445 0001:000B6FD9  1446 0001:000B6FE4
  1451 0001:000B6FF1  1453 0001:000B7003  1538 0001:000B7008  1540 0001:000B700B
  1542 0001:000B701D  1544 0001:000B702B  1545 0001:000B7038  1546 0001:000B7045
  1547 0001:000B7052  1548 0001:000B705F  1549 0001:000B7070  1550 0001:000B7081
  1551 0001:000B7098  1555 0001:000B70C4  1558 0001:000B70D6  1560 0001:000B70E8
  1562 0001:000B70EC  1564 0001:000B7106  1567 0001:000B7118  1568 0001:000B7122
  1569 0001:000B712F  1570 0001:000B713D  1571 0001:000B7145  1572 0001:000B715D
  1573 0001:000B7162  1574 0001:000B7170  1575 0001:000B7181  1577 0001:000B718D
  1578 0001:000B71B6  1579 0001:000B71DF  1581 0001:000B71FD  1582 0001:000B7208
  1584 0001:000B7219  1586 0001:000B7220  1590 0001:000B722A  1591 0001:000B725B
  1730 0001:000B7264  1732 0001:000B7288  1734 0001:000B729A  1735 0001:000B72A2
  1737 0001:000B72B7  1739 0001:000B72CA  1741 0001:000B72E5  1742 0001:000B72F3
  1743 0001:000B7301  1744 0001:000B730C  1745 0001:000B7323  1748 0001:000B7344
  1750 0001:000B7349  1751 0001:000B734F  1752 0001:000B7360  1753 0001:000B736E
  1755 0001:000B738A  1757 0001:000B73AB  1759 0001:000B73B5  1761 0001:000B73CB
  1763 0001:000B73D5  1764 0001:000B73E3  1765 0001:000B740C  1768 0001:000B7425
  1770 0001:000B742A  1771 0001:000B7452  1773 0001:000B7463  1753 0001:000B7466
  1778 0001:000B747E  1780 0001:000B7490  1784 0001:000B74A0  1786 0001:000B74C7
  1787 0001:000B74D3  1788 0001:000B74E3  1789 0001:000B74EC  1792 0001:000B74F7
  1794 0001:000B751E  1795 0001:000B752A  1796 0001:000B753A  1797 0001:000B7543
  1800 0001:000B754E  1802 0001:000B7575  1803 0001:000B7581  1804 0001:000B7591
  1805 0001:000B759A  1809 0001:000B75A5  1811 0001:000B761F  1813 0001:000B7724
  1813 0001:000B772B

Line numbers for pClient(G:\Projetos2012\ProjetoPRO2012\Remoto\MeuRemoto\Cliente\pClient.dpr) segment .text

    24 0001:000B7CA4    25 0001:000B7CBB    26 0001:000B7CC2    27 0001:000B7CCE
    28 0001:000B7CE1    29 0001:000B7CF4    30 0001:000B7D07    31 0001:000B7D1A
    32 0001:000B7D2D    33 0001:000B7D40    34 0001:000B7D53    35 0001:000B7D66
    36 0001:000B7D79    37 0001:000B7D8C    38 0001:000B7D93

Bound resource files

c:\program files (x86)\borland\delphi7\Lib\Controls.res
c:\program files (x86)\borland\delphi7\Lib\WindowsXP.res
c:\program files (x86)\borland\delphi7\Lib\Buttons.res
c:\program files (x86)\borland\delphi7\Lib\ExtDlgs.res
uSOBRE.dfm
uVerMPF.dfm
uPITA.dfm
uPITAJ.dfm
uPBF.dfm
uAzul.dfm
uBrB.dfm
uPSNT.dfm
uPSNTJ.dfm
Conectar.dfm
pClient.res
pClient.drf


Program entry point at 0001:000B7CA4
